    Updating crates.io index
     Locking 261 packages to latest compatible versions
      Adding bincode v1.3.3 (available: v3.0.0)
      Adding generic-array v0.14.7 (available: v0.14.9)
      Adding hmac v0.12.1 (available: v0.13.0)
      Adding matchit v0.8.4 (available: v0.8.6)
      Adding rand v0.8.6 (available: v0.10.1)
      Adding reqwest v0.12.28 (available: v0.13.4)
      Adding rusqlite v0.31.0 (available: v0.40.1)
      Adding rustyline v14.0.0 (available: v18.0.0)
      Adding sha2 v0.10.9 (available: v0.11.0)
 Downloading crates ...
  Downloaded aead v0.5.2
  Downloaded clap_lex v1.1.0
  Downloaded percent-encoding v2.3.2
  Downloaded colorchoice v1.0.5
  Downloaded cfg_aliases v0.1.1
  Downloaded parking_lot v0.12.5
  Downloaded cfg-if v1.0.4
  Downloaded anstream v1.0.0
  Downloaded pest_derive v2.8.6
  Downloaded fnv v1.0.7
  Downloaded cfg_aliases v0.2.1
  Downloaded httpdate v1.0.3
  Downloaded password-hash v0.5.0
  Downloaded futures-sink v0.3.32
  Downloaded urlencoding v2.1.3
  Downloaded lru-slab v0.1.2
  Downloaded zerofrom v0.1.8
  Downloaded form_urlencoded v1.2.2
  Downloaded endian-type v0.1.2
  Downloaded opaque-debug v0.3.1
  Downloaded fallible-streaming-iterator v0.1.9
  Downloaded nibble_vec v0.1.0
  Downloaded rand_chacha v0.3.1
  Downloaded sync_wrapper v1.0.2
  Downloaded itoa v1.0.18
  Downloaded fd-lock v4.0.4
  Downloaded heck v0.5.0
  Downloaded subtle v2.6.1
  Downloaded futures-task v0.3.32
  Downloaded shlex v2.0.1
  Downloaded crypto-common v0.1.7
  Downloaded tower-service v0.3.3
  Downloaded idna_adapter v1.2.2
  Downloaded strsim v0.11.1
  Downloaded errno v0.3.14
  Downloaded anstyle-query v1.1.5
  Downloaded equivalent v1.0.2
  Downloaded futures-io v0.3.32
  Downloaded generic-array v0.14.7
  Downloaded atomic-waker v1.1.2
  Downloaded tinyvec_macros v0.1.1
  Downloaded futures-core v0.3.32
  Downloaded home v0.5.12
  Downloaded serde_urlencoded v0.7.1
  Downloaded inout v0.1.4
  Downloaded potential_utf v0.1.5
  Downloaded block-buffer v0.10.4
  Downloaded ghash v0.5.1
  Downloaded want v0.3.1
  Downloaded utf8parse v0.2.2
  Downloaded rustc-hash v2.1.2
  Downloaded zerofrom-derive v0.1.7
  Downloaded anstyle v1.0.14
  Downloaded cipher v0.4.4
  Downloaded universal-hash v0.5.1
  Downloaded tokio-macros v2.7.0
  Downloaded utf8_iter v1.0.4
  Downloaded untrusted v0.9.0
  Downloaded try-lock v0.2.5
  Downloaded mime v0.3.17
  Downloaded cpufeatures v0.2.17
  Downloaded hex v0.4.3
  Downloaded yoke-derive v0.8.2
  Downloaded version_check v0.9.5
  Downloaded scopeguard v1.2.0
  Downloaded stable_deref_trait v1.2.1
  Downloaded http-body v1.0.1
  Downloaded clap_derive v4.6.1
  Downloaded find-msvc-tools v0.1.9
  Downloaded is_terminal_polyfill v1.70.2
  Downloaded ctr v0.9.2
  Downloaded hyper-rustls v0.27.9
  Downloaded fallible-iterator v0.3.0
  Downloaded rand_core v0.6.4
  Downloaded pkg-config v0.3.33
  Downloaded argon2 v0.5.3
  Downloaded signal-hook-registry v1.4.8
  Downloaded synstructure v0.13.2
  Downloaded quote v1.0.45
  Downloaded ppv-lite86 v0.2.21
  Downloaded polyval v0.6.2
  Downloaded zerovec-derive v0.11.3
  Downloaded anstyle-parse v1.0.0
  Downloaded digest v0.10.7
  Downloaded tinystr v0.8.3
  Downloaded tower-layer v0.3.3
  Downloaded lock_api v0.4.14
  Downloaded rand_chacha v0.9.0
  Downloaded thiserror v2.0.18
  Downloaded slab v0.4.12
  Downloaded serde_path_to_error v0.1.20
  Downloaded bincode v1.3.3
  Downloaded sha2 v0.10.9
  Downloaded zeroize v1.8.2
  Downloaded writeable v0.6.3
  Downloaded pin-project-lite v0.2.17
  Downloaded ipnet v2.12.0
  Downloaded base64ct v1.8.3
  Downloaded zmij v1.0.21
  Downloaded rand_core v0.9.5
  Downloaded axum-core v0.5.6
  Downloaded hashlink v0.9.1
  Downloaded http-body-util v0.1.3
  Downloaded axum-macros v0.5.1
  Downloaded quinn-udp v0.5.14
  Downloaded pest_generator v2.8.6
  Downloaded hmac v0.12.1
  Downloaded thiserror-impl v2.0.18
  Downloaded matchit v0.8.4
  Downloaded ucd-trie v0.1.7
  Downloaded blake2 v0.10.6
  Downloaded litemap v0.8.2
  Downloaded ahash v0.8.12
  Downloaded yoke v0.8.3
  Downloaded httparse v1.10.1
  Downloaded clap v4.6.1
  Downloaded futures-channel v0.3.32
  Downloaded tokio-rustls v0.26.4
  Downloaded parking_lot_core v0.9.12
  Downloaded tracing-core v0.1.36
  Downloaded ryu v1.0.23
  Downloaded bytes v1.11.1
  Downloaded once_cell v1.21.4
  Downloaded getrandom v0.4.2
  Downloaded proc-macro2 v1.0.106
  Downloaded socket2 v0.6.4
  Downloaded smallvec v1.15.1
  Downloaded unicode-ident v1.0.24
  Downloaded tinyvec v1.11.0
  Downloaded rustls-pki-types v1.14.1
  Downloaded displaydoc v0.2.6
  Downloaded getrandom v0.2.17
  Downloaded serde_derive v1.0.228
  Downloaded bitflags v2.13.0
  Downloaded log v0.4.32
  Downloaded icu_properties v2.2.0
  Downloaded icu_provider v2.2.0
  Downloaded getrandom v0.3.4
  Downloaded serde_core v1.0.228
  Downloaded uuid v1.23.3
  Downloaded pest_meta v2.8.6
  Downloaded base64 v0.22.1
  Downloaded cc v1.2.63
  Downloaded icu_locale_core v2.2.0
  Downloaded icu_normalizer_data v2.2.0
  Downloaded icu_normalizer v2.2.0
  Downloaded zerotrie v0.2.4
  Downloaded icu_collections v2.2.0
  Downloaded rustls-webpki v0.103.13
  Downloaded quinn v0.11.9
  Downloaded rand v0.8.6
  Downloaded url v2.5.8
  Downloaded mio v1.2.1
  Downloaded typenum v1.20.1
  Downloaded memchr v2.8.1
  Downloaded serde v1.0.228
  Downloaded unicode-segmentation v1.13.3
  Downloaded aes v0.8.4
  Downloaded rustyline v14.0.0
  Downloaded rand v0.9.4
  Downloaded tower v0.5.3
  Downloaded indexmap v2.14.0
  Downloaded pest v2.8.6
  Downloaded http v1.4.2
  Downloaded zerovec v0.11.6
  Downloaded hyper-util v0.1.20
  Downloaded idna v1.1.0
  Downloaded tokio-util v0.7.18
  Downloaded aes-gcm v0.10.3
  Downloaded hashbrown v0.14.5
  Downloaded hyper v1.10.1
  Downloaded clap_builder v4.6.0
  Downloaded hashbrown v0.17.1
  Downloaded reqwest v0.12.28
  Downloaded rusqlite v0.31.0
  Downloaded h2 v0.4.14
  Downloaded icu_properties_data v2.2.0
  Downloaded futures-util v0.3.32
  Downloaded axum v0.8.9
  Downloaded tower-http v0.6.11
  Downloaded serde_json v1.0.150
  Downloaded webpki-roots v1.0.7
  Downloaded vcpkg v0.2.15
  Downloaded nix v0.28.0
  Downloaded radix_trie v0.2.1
  Downloaded quinn-proto v0.11.14
  Downloaded unicode-width v0.1.14
  Downloaded zerocopy v0.8.52
  Downloaded syn v2.0.117
  Downloaded rustls v0.23.40
  Downloaded rustix v1.1.4
  Downloaded tracing v0.1.44
  Downloaded libc v0.2.186
  Downloaded tokio v1.52.3
  Downloaded ring v0.17.14
  Downloaded linux-raw-sys v0.12.1
  Downloaded libsqlite3-sys v0.28.0
   Compiling proc-macro2 v1.0.106
   Compiling unicode-ident v1.0.24
   Compiling libc v0.2.186
   Compiling quote v1.0.45
    Checking cfg-if v1.0.4
   Compiling version_check v0.9.5
    Checking smallvec v1.15.1
   Compiling generic-array v0.14.7
    Checking once_cell v1.21.4
    Checking typenum v1.20.1
    Checking pin-project-lite v0.2.17
    Checking stable_deref_trait v1.2.1
    Checking bytes v1.11.1
   Compiling parking_lot_core v0.9.12
   Compiling find-msvc-tools v0.1.9
   Compiling syn v2.0.117
    Checking subtle v2.6.1
    Checking futures-core v0.3.32
    Checking itoa v1.0.18
   Compiling shlex v2.0.1
    Checking scopeguard v1.2.0
   Compiling cc v1.2.63
    Checking lock_api v0.4.14
    Checking getrandom v0.2.17
    Checking rand_core v0.6.4
    Checking crypto-common v0.1.7
    Checking errno v0.3.14
    Checking parking_lot v0.12.5
    Checking signal-hook-registry v1.4.8
    Checking socket2 v0.6.4
    Checking mio v1.2.1
    Checking log v0.4.32
    Checking futures-sink v0.3.32
    Checking http v1.4.2
    Checking tracing-core v0.1.36
    Checking memchr v2.8.1
    Checking tracing v0.1.44
    Checking slab v0.4.12
   Compiling serde_core v1.0.228
    Checking writeable v0.6.3
   Compiling zerocopy v0.8.52
    Checking litemap v0.8.2
    Checking http-body v1.0.1
   Compiling ring v0.17.14
    Checking percent-encoding v2.3.2
   Compiling icu_properties_data v2.2.0
    Checking utf8_iter v1.0.4
   Compiling icu_normalizer_data v2.2.0
   Compiling synstructure v0.13.2
   Compiling zerovec-derive v0.11.3
   Compiling zerofrom-derive v0.1.7
   Compiling yoke-derive v0.8.2
   Compiling displaydoc v0.2.6
   Compiling tokio-macros v2.7.0
    Checking zerofrom v0.1.8
    Checking bitflags v2.13.0
   Compiling httparse v1.10.1
    Checking tokio v1.52.3
    Checking hashbrown v0.17.1
    Checking futures-io v0.3.32
    Checking zeroize v1.8.2
    Checking yoke v0.8.3
    Checking equivalent v1.0.2
    Checking tower-service v0.3.3
    Checking zerovec v0.11.6
    Checking zerotrie v0.2.4
    Checking futures-task v0.3.32
    Checking futures-util v0.3.32
    Checking indexmap v2.14.0
    Checking tinystr v0.8.3
    Checking icu_locale_core v2.2.0
    Checking potential_utf v0.1.5
    Checking icu_collections v2.2.0
    Checking icu_provider v2.2.0
    Checking rustls-pki-types v1.14.1
    Checking cpufeatures v0.2.17
    Checking fnv v1.0.7
    Checking untrusted v0.9.0
    Checking atomic-waker v1.1.2
    Checking try-lock v0.2.5
   Compiling serde v1.0.228
    Checking want v0.3.1
    Checking icu_properties v2.2.0
    Checking icu_normalizer v2.2.0
   Compiling serde_derive v1.0.228
    Checking form_urlencoded v1.2.2
    Checking futures-channel v0.3.32
    Checking block-buffer v0.10.4
    Checking sync_wrapper v1.0.2
   Compiling ahash v0.8.12
    Checking tower-layer v0.3.3
   Compiling rustls v0.23.40
    Checking utf8parse v0.2.2
   Compiling zmij v1.0.21
    Checking httpdate v1.0.3
    Checking digest v0.10.7
    Checking rustls-webpki v0.103.13
    Checking idna_adapter v1.2.2
    Checking inout v0.1.4
    Checking base64 v0.22.1
    Checking tokio-util v0.7.18
    Checking ipnet v2.12.0
   Compiling serde_json v1.0.150
   Compiling rustix v1.1.4
   Compiling ucd-trie v0.1.7
    Checking h2 v0.4.14
   Compiling cfg_aliases v0.1.1
   Compiling vcpkg v0.2.15
   Compiling pkg-config v0.3.33
   Compiling libsqlite3-sys v0.28.0
   Compiling nix v0.28.0
   Compiling pest v2.8.6
    Checking tower v0.5.3
    Checking cipher v0.4.4
    Checking idna v1.1.0
    Checking anstyle-parse v1.0.0
    Checking http-body-util v0.1.3
    Checking universal-hash v0.5.1
    Checking opaque-debug v0.3.1
   Compiling getrandom v0.4.2
    Checking linux-raw-sys v0.12.1
    Checking is_terminal_polyfill v1.70.2
    Checking ryu v1.0.23
    Checking anstyle-query v1.1.5
    Checking colorchoice v1.0.5
    Checking anstyle v1.0.14
    Checking anstream v1.0.0
    Checking hyper v1.10.1
    Checking serde_urlencoded v0.7.1
    Checking polyval v0.6.2
    Checking hashbrown v0.14.5
    Checking tokio-rustls v0.26.4
    Checking url v2.5.8
    Checking hyper-util v0.1.20
   Compiling pest_meta v2.8.6
    Checking webpki-roots v1.0.7
    Checking ppv-lite86 v0.2.21
    Checking nibble_vec v0.1.0
    Checking mime v0.3.17
    Checking strsim v0.11.1
    Checking base64ct v1.8.3
    Checking clap_lex v1.1.0
   Compiling thiserror v2.0.18
    Checking endian-type v0.1.2
   Compiling heck v0.5.0
    Checking radix_trie v0.2.1
   Compiling clap_derive v4.6.1
    Checking hyper-rustls v0.27.9
    Checking clap_builder v4.6.0
    Checking password-hash v0.5.0
    Checking axum-core v0.5.6
   Compiling pest_generator v2.8.6
    Checking rand_chacha v0.3.1
    Checking tower-http v0.6.11
    Checking fd-lock v4.0.4
    Checking hashlink v0.9.1
    Checking ghash v0.5.1
    Checking aes v0.8.4
    Checking ctr v0.9.2
    Checking blake2 v0.10.6
   Compiling axum-macros v0.5.1
   Compiling thiserror-impl v2.0.18
    Checking serde_path_to_error v0.1.20
    Checking aead v0.5.2
    Checking unicode-width v0.1.14
    Checking home v0.5.12
    Checking fallible-iterator v0.3.0
    Checking unicode-segmentation v1.13.3
    Checking matchit v0.8.4
    Checking fallible-streaming-iterator v0.1.9
    Checking rustyline v14.0.0
    Checking axum v0.8.9
    Checking aes-gcm v0.10.3
    Checking argon2 v0.5.3
    Checking uuid v1.23.3
   Compiling pest_derive v2.8.6
    Checking reqwest v0.12.28
    Checking clap v4.6.1
    Checking rand v0.8.6
    Checking bincode v1.3.3
    Checking hmac v0.12.1
    Checking sha2 v0.10.9
    Checking hex v0.4.3
    Checking rusqlite v0.31.0
    Checking urlencoding v2.1.3
    Checking metalogos v0.4.0 (/home/z/my-project/metalogos-build)
error: proc-macro derive panicked
 --> src/parser.rs:9:10
  |
9 | #[derive(Parser)]
  |          ^^^^^^
  |
  = help: message: error parsing 
             --> 146:37
              |
          146 | if_block_stmt = { "if" ~ expression "{" ~ statement* ~ "}" ~ else_if_block* ~ ("else" "{" ~ statement* ~ "}")? }
              |                                     ^---
              |
              = expected `{`, `}`, `&`, `|`, `?`, `*`, or `+`

error[E0432]: unresolved import `tower_http::set_response_header`
  --> src/server.rs:22:17
   |
22 | use tower_http::set_response_header::SetResponseHeaderLayer;
   |                 ^^^^^^^^^^^^^^^^^^^ could not find `set_response_header` in `tower_http`

error[E0425]: cannot find type `Rule` in this scope
  --> src/parser.rs:13:42
   |
13 | pub type ParseError = pest::error::Error<Rule>;
   |                                          ^^^^ not found in this scope
   |
help: there is an enum variant `crate::parser::Declaration::Rule`; try using the variant's enum
   |
13 - pub type ParseError = pest::error::Error<Rule>;
13 + pub type ParseError = pest::error::Error<crate::parser::Declaration>;
   |
help: you might be missing a type parameter
   |
13 | pub type ParseError<Rule> = pest::error::Error<Rule>;
   |                    ++++++

error[E0425]: cannot find type `Rule` in this scope
  --> src/parser.rs:65:25
   |
65 | fn pair_str(pair: &Pair<Rule>) -> String {
   |                         ^^^^ not found in this scope
   |
help: there is an enum variant `crate::parser::Declaration::Rule`; try using the variant's enum
   |
65 - fn pair_str(pair: &Pair<Rule>) -> String {
65 + fn pair_str(pair: &Pair<crate::parser::Declaration>) -> String {
   |
help: you might be missing a type parameter
   |
65 | fn pair_str<Rule>(pair: &Pair<Rule>) -> String {
   |            ++++++

error[E0425]: cannot find type `Rule` in this scope
  --> src/parser.rs:70:39
   |
70 | fn children_of<'a>(pair: &'a Pair<'a, Rule>) -> Vec<Pair<'a, Rule>> {
   |                                       ^^^^ not found in this scope
   |
help: there is an enum variant `crate::parser::Declaration::Rule`; try using the variant's enum
   |
70 - fn children_of<'a>(pair: &'a Pair<'a, Rule>) -> Vec<Pair<'a, Rule>> {
70 + fn children_of<'a>(pair: &'a Pair<'a, crate::parser::Declaration>) -> Vec<Pair<'a, Rule>> {
   |
help: you might be missing a type parameter
   |
70 | fn children_of<'a, Rule>(pair: &'a Pair<'a, Rule>) -> Vec<Pair<'a, Rule>> {
   |                  ++++++

error[E0425]: cannot find type `Rule` in this scope
  --> src/parser.rs:70:62
   |
70 | fn children_of<'a>(pair: &'a Pair<'a, Rule>) -> Vec<Pair<'a, Rule>> {
   |                                                              ^^^^ not found in this scope
   |
help: there is an enum variant `crate::parser::Declaration::Rule`; try using the variant's enum
   |
70 - fn children_of<'a>(pair: &'a Pair<'a, Rule>) -> Vec<Pair<'a, Rule>> {
70 + fn children_of<'a>(pair: &'a Pair<'a, Rule>) -> Vec<Pair<'a, crate::parser::Declaration>> {
   |
help: you might be missing a type parameter
   |
70 | fn children_of<'a, Rule>(pair: &'a Pair<'a, Rule>) -> Vec<Pair<'a, Rule>> {
   |                  ++++++

error[E0425]: cannot find type `Rule` in this scope
  --> src/parser.rs:75:36
   |
75 | fn find_child_str(children: &[Pair<Rule>], rule: Rule) -> Option<String> {
   |                                    ^^^^ not found in this scope
   |
help: there is an enum variant `crate::parser::Declaration::Rule`; try using the variant's enum
   |
75 - fn find_child_str(children: &[Pair<Rule>], rule: Rule) -> Option<String> {
75 + fn find_child_str(children: &[Pair<crate::parser::Declaration>], rule: Rule) -> Option<String> {
   |
help: you might be missing a type parameter
   |
75 | fn find_child_str<Rule>(children: &[Pair<Rule>], rule: Rule) -> Option<String> {
   |                  ++++++

error[E0425]: cannot find type `Rule` in this scope
  --> src/parser.rs:75:50
   |
75 | fn find_child_str(children: &[Pair<Rule>], rule: Rule) -> Option<String> {
   |                                                  ^^^^ not found in this scope
   |
help: there is an enum variant `crate::parser::Declaration::Rule`; try using the variant's enum
   |
75 - fn find_child_str(children: &[Pair<Rule>], rule: Rule) -> Option<String> {
75 + fn find_child_str(children: &[Pair<Rule>], rule: crate::parser::Declaration) -> Option<String> {
   |

error[E0425]: cannot find type `Rule` in this scope
  --> src/parser.rs:80:43
   |
80 | fn find_child<'a>(children: &'a [Pair<'a, Rule>], rule: Rule) -> Option<Pair<'a, Rule>> {
   |                                           ^^^^ not found in this scope
   |
help: there is an enum variant `crate::parser::Declaration::Rule`; try using the variant's enum
   |
80 - fn find_child<'a>(children: &'a [Pair<'a, Rule>], rule: Rule) -> Option<Pair<'a, Rule>> {
80 + fn find_child<'a>(children: &'a [Pair<'a, crate::parser::Declaration>], rule: Rule) -> Option<Pair<'a, Rule>> {
   |
help: you might be missing a type parameter
   |
80 | fn find_child<'a, Rule>(children: &'a [Pair<'a, Rule>], rule: Rule) -> Option<Pair<'a, Rule>> {
   |                 ++++++

error[E0425]: cannot find type `Rule` in this scope
  --> src/parser.rs:80:57
   |
80 | fn find_child<'a>(children: &'a [Pair<'a, Rule>], rule: Rule) -> Option<Pair<'a, Rule>> {
   |                                                         ^^^^ not found in this scope
   |
help: there is an enum variant `crate::parser::Declaration::Rule`; try using the variant's enum
   |
80 - fn find_child<'a>(children: &'a [Pair<'a, Rule>], rule: Rule) -> Option<Pair<'a, Rule>> {
80 + fn find_child<'a>(children: &'a [Pair<'a, Rule>], rule: crate::parser::Declaration) -> Option<Pair<'a, Rule>> {
   |

error[E0425]: cannot find type `Rule` in this scope
  --> src/parser.rs:80:82
   |
80 | fn find_child<'a>(children: &'a [Pair<'a, Rule>], rule: Rule) -> Option<Pair<'a, Rule>> {
   |                                                                                  ^^^^ not found in this scope
   |
help: there is an enum variant `crate::parser::Declaration::Rule`; try using the variant's enum
   |
80 - fn find_child<'a>(children: &'a [Pair<'a, Rule>], rule: Rule) -> Option<Pair<'a, Rule>> {
80 + fn find_child<'a>(children: &'a [Pair<'a, Rule>], rule: Rule) -> Option<Pair<'a, crate::parser::Declaration>> {
   |
help: you might be missing a type parameter
   |
80 | fn find_child<'a, Rule>(children: &'a [Pair<'a, Rule>], rule: Rule) -> Option<Pair<'a, Rule>> {
   |                 ++++++

error[E0425]: cannot find type `Rule` in this scope
  --> src/parser.rs:86:37
   |
86 | fn parse_mlogserver_decl(pair: Pair<Rule>) -> Declaration {
   |                                     ^^^^ not found in this scope
   |
help: there is an enum variant `crate::parser::Declaration::Rule`; try using the variant's enum
   |
86 - fn parse_mlogserver_decl(pair: Pair<Rule>) -> Declaration {
86 + fn parse_mlogserver_decl(pair: Pair<crate::parser::Declaration>) -> Declaration {
   |
help: you might be missing a type parameter
   |
86 | fn parse_mlogserver_decl<Rule>(pair: Pair<Rule>) -> Declaration {
   |                         ++++++

error[E0425]: cannot find type `Rule` in this scope
  --> src/parser.rs:88:33
   |
88 |     let body_children: Vec<Pair<Rule>> = pair.clone().into_inner()
   |                                 ^^^^ not found in this scope
   |
help: there is an enum variant `crate::parser::Declaration::Rule`; try using the variant's enum
   |
88 -     let body_children: Vec<Pair<Rule>> = pair.clone().into_inner()
88 +     let body_children: Vec<Pair<crate::parser::Declaration>> = pair.clone().into_inner()
   |
help: you might be missing a type parameter
   |
86 | fn parse_mlogserver_decl<Rule>(pair: Pair<Rule>) -> Declaration {
   |                         ++++++

error[E0425]: cannot find type `Rule` in this scope
   --> src/parser.rs:119:32
    |
119 | fn parse_route_decl(pair: Pair<Rule>) -> RouteDecl {
    |                                ^^^^ not found in this scope
    |
help: there is an enum variant `crate::parser::Declaration::Rule`; try using the variant's enum
    |
119 - fn parse_route_decl(pair: Pair<Rule>) -> RouteDecl {
119 + fn parse_route_decl(pair: Pair<crate::parser::Declaration>) -> RouteDecl {
    |
help: you might be missing a type parameter
    |
119 | fn parse_route_decl<Rule>(pair: Pair<Rule>) -> RouteDecl {
    |                    ++++++

error[E0425]: cannot find type `Rule` in this scope
   --> src/parser.rs:120:28
    |
120 |     let children: Vec<Pair<Rule>> = pair.clone().into_inner().collect();
    |                            ^^^^ not found in this scope
    |
help: there is an enum variant `crate::parser::Declaration::Rule`; try using the variant's enum
    |
120 -     let children: Vec<Pair<Rule>> = pair.clone().into_inner().collect();
120 +     let children: Vec<Pair<crate::parser::Declaration>> = pair.clone().into_inner().collect();
    |
help: you might be missing a type parameter
    |
119 | fn parse_route_decl<Rule>(pair: Pair<Rule>) -> RouteDecl {
    |                    ++++++

error[E0425]: cannot find type `Rule` in this scope
   --> src/parser.rs:225:45
    |
225 | fn parse_template_decl_with_body(pair: Pair<Rule>, bodies: &HashMap<String, String>) -> Declaration {
    |                                             ^^^^ not found in this scope
    |
help: there is an enum variant `crate::parser::Declaration::Rule`; try using the variant's enum
    |
225 - fn parse_template_decl_with_body(pair: Pair<Rule>, bodies: &HashMap<String, String>) -> Declaration {
225 + fn parse_template_decl_with_body(pair: Pair<crate::parser::Declaration>, bodies: &HashMap<String, String>) -> Declaration {
    |
help: you might be missing a type parameter
    |
225 | fn parse_template_decl_with_body<Rule>(pair: Pair<Rule>, bodies: &HashMap<String, String>) -> Declaration {
    |                                 ++++++

error[E0425]: cannot find type `Rule` in this scope
   --> src/parser.rs:282:29
    |
282 | fn parse_db_decl(pair: Pair<Rule>) -> Declaration {
    |                             ^^^^ not found in this scope
    |
help: there is an enum variant `crate::parser::Declaration::Rule`; try using the variant's enum
    |
282 - fn parse_db_decl(pair: Pair<Rule>) -> Declaration {
282 + fn parse_db_decl(pair: Pair<crate::parser::Declaration>) -> Declaration {
    |
help: you might be missing a type parameter
    |
282 | fn parse_db_decl<Rule>(pair: Pair<Rule>) -> Declaration {
    |                 ++++++

error[E0425]: cannot find type `Rule` in this scope
   --> src/parser.rs:283:28
    |
283 |     let children: Vec<Pair<Rule>> = pair.into_inner()
    |                            ^^^^ not found in this scope
    |
help: there is an enum variant `crate::parser::Declaration::Rule`; try using the variant's enum
    |
283 -     let children: Vec<Pair<Rule>> = pair.into_inner()
283 +     let children: Vec<Pair<crate::parser::Declaration>> = pair.into_inner()
    |
help: you might be missing a type parameter
    |
282 | fn parse_db_decl<Rule>(pair: Pair<Rule>) -> Declaration {
    |                 ++++++

error[E0425]: cannot find type `Rule` in this scope
   --> src/parser.rs:310:33
    |
310 | fn parse_memory_decl(pair: Pair<Rule>) -> Declaration {
    |                                 ^^^^ not found in this scope
    |
help: there is an enum variant `crate::parser::Declaration::Rule`; try using the variant's enum
    |
310 - fn parse_memory_decl(pair: Pair<Rule>) -> Declaration {
310 + fn parse_memory_decl(pair: Pair<crate::parser::Declaration>) -> Declaration {
    |
help: you might be missing a type parameter
    |
310 | fn parse_memory_decl<Rule>(pair: Pair<Rule>) -> Declaration {
    |                     ++++++

error[E0425]: cannot find type `Rule` in this scope
   --> src/parser.rs:311:28
    |
311 |     let children: Vec<Pair<Rule>> = pair.into_inner()
    |                            ^^^^ not found in this scope
    |
help: there is an enum variant `crate::parser::Declaration::Rule`; try using the variant's enum
    |
311 -     let children: Vec<Pair<Rule>> = pair.into_inner()
311 +     let children: Vec<Pair<crate::parser::Declaration>> = pair.into_inner()
    |
help: you might be missing a type parameter
    |
310 | fn parse_memory_decl<Rule>(pair: Pair<Rule>) -> Declaration {
    |                     ++++++

error[E0425]: cannot find type `Rule` in this scope
   --> src/parser.rs:326:33
    |
326 | fn parse_import_decl(pair: Pair<Rule>) -> Declaration {
    |                                 ^^^^ not found in this scope
    |
help: there is an enum variant `crate::parser::Declaration::Rule`; try using the variant's enum
    |
326 - fn parse_import_decl(pair: Pair<Rule>) -> Declaration {
326 + fn parse_import_decl(pair: Pair<crate::parser::Declaration>) -> Declaration {
    |
help: you might be missing a type parameter
    |
326 | fn parse_import_decl<Rule>(pair: Pair<Rule>) -> Declaration {
    |                     ++++++

error[E0425]: cannot find type `Rule` in this scope
   --> src/parser.rs:336:38
    |
336 | fn parse_entity_type_decl(pair: Pair<Rule>) -> Declaration {
    |                                      ^^^^ not found in this scope
    |
help: there is an enum variant `crate::parser::Declaration::Rule`; try using the variant's enum
    |
336 - fn parse_entity_type_decl(pair: Pair<Rule>) -> Declaration {
336 + fn parse_entity_type_decl(pair: Pair<crate::parser::Declaration>) -> Declaration {
    |
help: you might be missing a type parameter
    |
336 | fn parse_entity_type_decl<Rule>(pair: Pair<Rule>) -> Declaration {
    |                          ++++++

error[E0425]: cannot find type `Rule` in this scope
   --> src/parser.rs:346:32
    |
346 | fn parse_field_decl(pair: Pair<Rule>) -> FieldDecl {
    |                                ^^^^ not found in this scope
    |
help: there is an enum variant `crate::parser::Declaration::Rule`; try using the variant's enum
    |
346 - fn parse_field_decl(pair: Pair<Rule>) -> FieldDecl {
346 + fn parse_field_decl(pair: Pair<crate::parser::Declaration>) -> FieldDecl {
    |
help: you might be missing a type parameter
    |
346 | fn parse_field_decl<Rule>(pair: Pair<Rule>) -> FieldDecl {
    |                    ++++++

error[E0425]: cannot find type `Rule` in this scope
   --> src/parser.rs:379:38
    |
379 | fn parse_literal_to_expr(pair: &Pair<Rule>) -> Expr {
    |                                      ^^^^ not found in this scope
    |
help: there is an enum variant `crate::parser::Declaration::Rule`; try using the variant's enum
    |
379 - fn parse_literal_to_expr(pair: &Pair<Rule>) -> Expr {
379 + fn parse_literal_to_expr(pair: &Pair<crate::parser::Declaration>) -> Expr {
    |
help: you might be missing a type parameter
    |
379 | fn parse_literal_to_expr<Rule>(pair: &Pair<Rule>) -> Expr {
    |                         ++++++

error[E0425]: cannot find type `Rule` in this scope
   --> src/parser.rs:391:40
    |
391 | fn parse_entity_record_decl(pair: Pair<Rule>) -> Declaration {
    |                                        ^^^^ not found in this scope
    |
help: there is an enum variant `crate::parser::Declaration::Rule`; try using the variant's enum
    |
391 - fn parse_entity_record_decl(pair: Pair<Rule>) -> Declaration {
391 + fn parse_entity_record_decl(pair: Pair<crate::parser::Declaration>) -> Declaration {
    |
help: you might be missing a type parameter
    |
391 | fn parse_entity_record_decl<Rule>(pair: Pair<Rule>) -> Declaration {
    |                            ++++++

error[E0425]: cannot find type `Rule` in this scope
   --> src/parser.rs:403:32
    |
403 | fn parse_field_init(pair: Pair<Rule>) -> FieldInit {
    |                                ^^^^ not found in this scope
    |
help: there is an enum variant `crate::parser::Declaration::Rule`; try using the variant's enum
    |
403 - fn parse_field_init(pair: Pair<Rule>) -> FieldInit {
403 + fn parse_field_init(pair: Pair<crate::parser::Declaration>) -> FieldInit {
    |
help: you might be missing a type parameter
    |
403 | fn parse_field_init<Rule>(pair: Pair<Rule>) -> FieldInit {
    |                    ++++++

error[E0425]: cannot find type `Rule` in this scope
   --> src/parser.rs:414:40
    |
414 | fn parse_entity_simple_decl(pair: Pair<Rule>) -> Declaration {
    |                                        ^^^^ not found in this scope
    |
help: there is an enum variant `crate::parser::Declaration::Rule`; try using the variant's enum
    |
414 - fn parse_entity_simple_decl(pair: Pair<Rule>) -> Declaration {
414 + fn parse_entity_simple_decl(pair: Pair<crate::parser::Declaration>) -> Declaration {
    |
help: you might be missing a type parameter
    |
414 | fn parse_entity_simple_decl<Rule>(pair: Pair<Rule>) -> Declaration {
    |                            ++++++

error[E0425]: cannot find type `Rule` in this scope
   --> src/parser.rs:426:31
    |
426 | fn parse_rule_decl(pair: Pair<Rule>) -> Declaration {
    |                               ^^^^ not found in this scope
    |
help: there is an enum variant `crate::parser::Declaration::Rule`; try using the variant's enum
    |
426 - fn parse_rule_decl(pair: Pair<Rule>) -> Declaration {
426 + fn parse_rule_decl(pair: Pair<crate::parser::Declaration>) -> Declaration {
    |
help: you might be missing a type parameter
    |
426 | fn parse_rule_decl<Rule>(pair: Pair<Rule>) -> Declaration {
    |                   ++++++

error[E0425]: cannot find type `Rule` in this scope
   --> src/parser.rs:446:31
    |
446 | fn parse_condition(pair: Pair<Rule>) -> Condition {
    |                               ^^^^ not found in this scope
    |
help: there is an enum variant `crate::parser::Declaration::Rule`; try using the variant's enum
    |
446 - fn parse_condition(pair: Pair<Rule>) -> Condition {
446 + fn parse_condition(pair: Pair<crate::parser::Declaration>) -> Condition {
    |
help: you might be missing a type parameter
    |
446 | fn parse_condition<Rule>(pair: Pair<Rule>) -> Condition {
    |                   ++++++

error[E0425]: cannot find type `Rule` in this scope
   --> src/parser.rs:468:33
    |
468 | fn parse_compare_op(pair: &Pair<Rule>) -> CompareOp {
    |                                 ^^^^ not found in this scope
    |
help: there is an enum variant `crate::parser::Declaration::Rule`; try using the variant's enum
    |
468 - fn parse_compare_op(pair: &Pair<Rule>) -> CompareOp {
468 + fn parse_compare_op(pair: &Pair<crate::parser::Declaration>) -> CompareOp {
    |
help: you might be missing a type parameter
    |
468 | fn parse_compare_op<Rule>(pair: &Pair<Rule>) -> CompareOp {
    |                    ++++++

error[E0425]: cannot find type `Rule` in this scope
   --> src/parser.rs:481:32
    |
481 | fn parse_fluid_decl(pair: Pair<Rule>) -> Declaration {
    |                                ^^^^ not found in this scope
    |
help: there is an enum variant `crate::parser::Declaration::Rule`; try using the variant's enum
    |
481 - fn parse_fluid_decl(pair: Pair<Rule>) -> Declaration {
481 + fn parse_fluid_decl(pair: Pair<crate::parser::Declaration>) -> Declaration {
    |
help: you might be missing a type parameter
    |
481 | fn parse_fluid_decl<Rule>(pair: Pair<Rule>) -> Declaration {
    |                    ++++++

error[E0425]: cannot find type `Rule` in this scope
   --> src/parser.rs:494:34
    |
494 | fn parse_fluid_branch(pair: Pair<Rule>) -> FluidVariant {
    |                                  ^^^^ not found in this scope
    |
help: there is an enum variant `crate::parser::Declaration::Rule`; try using the variant's enum
    |
494 - fn parse_fluid_branch(pair: Pair<Rule>) -> FluidVariant {
494 + fn parse_fluid_branch(pair: Pair<crate::parser::Declaration>) -> FluidVariant {
    |
help: you might be missing a type parameter
    |
494 | fn parse_fluid_branch<Rule>(pair: Pair<Rule>) -> FluidVariant {
    |                      ++++++

error[E0425]: cannot find type `Rule` in this scope
   --> src/parser.rs:499:25
    |
499 |     let exprs: Vec<Pair<Rule>> = children.iter()
    |                         ^^^^ not found in this scope
    |
help: there is an enum variant `crate::parser::Declaration::Rule`; try using the variant's enum
    |
499 -     let exprs: Vec<Pair<Rule>> = children.iter()
499 +     let exprs: Vec<Pair<crate::parser::Declaration>> = children.iter()
    |
help: you might be missing a type parameter
    |
494 | fn parse_fluid_branch<Rule>(pair: Pair<Rule>) -> FluidVariant {
    |                      ++++++

error[E0425]: cannot find type `Rule` in this scope
   --> src/parser.rs:505:27
    |
505 |     let floats: Vec<&Pair<Rule>> = children.iter()
    |                           ^^^^ not found in this scope
    |
help: there is an enum variant `crate::parser::Declaration::Rule`; try using the variant's enum
    |
505 -     let floats: Vec<&Pair<Rule>> = children.iter()
505 +     let floats: Vec<&Pair<crate::parser::Declaration>> = children.iter()
    |
help: you might be missing a type parameter
    |
494 | fn parse_fluid_branch<Rule>(pair: Pair<Rule>) -> FluidVariant {
    |                      ++++++

error[E0425]: cannot find type `Rule` in this scope
   --> src/parser.rs:518:32
    |
518 | fn parse_adapt_decl(pair: Pair<Rule>) -> Declaration {
    |                                ^^^^ not found in this scope
    |
help: there is an enum variant `crate::parser::Declaration::Rule`; try using the variant's enum
    |
518 - fn parse_adapt_decl(pair: Pair<Rule>) -> Declaration {
518 + fn parse_adapt_decl(pair: Pair<crate::parser::Declaration>) -> Declaration {
    |
help: you might be missing a type parameter
    |
518 | fn parse_adapt_decl<Rule>(pair: Pair<Rule>) -> Declaration {
    |                    ++++++

error[E0425]: cannot find type `Rule` in this scope
   --> src/parser.rs:524:25
    |
524 |     let exprs: Vec<Pair<Rule>> = children.iter()
    |                         ^^^^ not found in this scope
    |
help: there is an enum variant `crate::parser::Declaration::Rule`; try using the variant's enum
    |
524 -     let exprs: Vec<Pair<Rule>> = children.iter()
524 +     let exprs: Vec<Pair<crate::parser::Declaration>> = children.iter()
    |
help: you might be missing a type parameter
    |
518 | fn parse_adapt_decl<Rule>(pair: Pair<Rule>) -> Declaration {
    |                    ++++++

error[E0425]: cannot find type `Rule` in this scope
   --> src/parser.rs:537:33
    |
537 | fn parse_relate_decl(pair: Pair<Rule>) -> Declaration {
    |                                 ^^^^ not found in this scope
    |
help: there is an enum variant `crate::parser::Declaration::Rule`; try using the variant's enum
    |
537 - fn parse_relate_decl(pair: Pair<Rule>) -> Declaration {
537 + fn parse_relate_decl(pair: Pair<crate::parser::Declaration>) -> Declaration {
    |
help: you might be missing a type parameter
    |
537 | fn parse_relate_decl<Rule>(pair: Pair<Rule>) -> Declaration {
    |                     ++++++

error[E0425]: cannot find type `Rule` in this scope
   --> src/parser.rs:541:25
    |
541 |     let exprs: Vec<Pair<Rule>> = children.iter()
    |                         ^^^^ not found in this scope
    |
help: there is an enum variant `crate::parser::Declaration::Rule`; try using the variant's enum
    |
541 -     let exprs: Vec<Pair<Rule>> = children.iter()
541 +     let exprs: Vec<Pair<crate::parser::Declaration>> = children.iter()
    |
help: you might be missing a type parameter
    |
537 | fn parse_relate_decl<Rule>(pair: Pair<Rule>) -> Declaration {
    |                     ++++++

error[E0425]: cannot find type `Rule` in this scope
   --> src/parser.rs:563:31
    |
563 | fn parse_hook_decl(pair: Pair<Rule>) -> Declaration {
    |                               ^^^^ not found in this scope
    |
help: there is an enum variant `crate::parser::Declaration::Rule`; try using the variant's enum
    |
563 - fn parse_hook_decl(pair: Pair<Rule>) -> Declaration {
563 + fn parse_hook_decl(pair: Pair<crate::parser::Declaration>) -> Declaration {
    |
help: you might be missing a type parameter
    |
563 | fn parse_hook_decl<Rule>(pair: Pair<Rule>) -> Declaration {
    |                   ++++++

error[E0425]: cannot find type `Rule` in this scope
   --> src/parser.rs:588:34
    |
588 | fn parse_sandbox_decl(pair: Pair<Rule>) -> Declaration {
    |                                  ^^^^ not found in this scope
    |
help: there is an enum variant `crate::parser::Declaration::Rule`; try using the variant's enum
    |
588 - fn parse_sandbox_decl(pair: Pair<Rule>) -> Declaration {
588 + fn parse_sandbox_decl(pair: Pair<crate::parser::Declaration>) -> Declaration {
    |
help: you might be missing a type parameter
    |
588 | fn parse_sandbox_decl<Rule>(pair: Pair<Rule>) -> Declaration {
    |                      ++++++

error[E0425]: cannot find type `Rule` in this scope
   --> src/parser.rs:632:33
    |
632 | fn parse_mutate_decl(pair: Pair<Rule>) -> Declaration {
    |                                 ^^^^ not found in this scope
    |
help: there is an enum variant `crate::parser::Declaration::Rule`; try using the variant's enum
    |
632 - fn parse_mutate_decl(pair: Pair<Rule>) -> Declaration {
632 + fn parse_mutate_decl(pair: Pair<crate::parser::Declaration>) -> Declaration {
    |
help: you might be missing a type parameter
    |
632 | fn parse_mutate_decl<Rule>(pair: Pair<Rule>) -> Declaration {
    |                     ++++++

error[E0425]: cannot find type `Rule` in this scope
   --> src/parser.rs:677:31
    |
677 | fn parse_eval_decl(pair: Pair<Rule>) -> Declaration {
    |                               ^^^^ not found in this scope
    |
help: there is an enum variant `crate::parser::Declaration::Rule`; try using the variant's enum
    |
677 - fn parse_eval_decl(pair: Pair<Rule>) -> Declaration {
677 + fn parse_eval_decl(pair: Pair<crate::parser::Declaration>) -> Declaration {
    |
help: you might be missing a type parameter
    |
677 | fn parse_eval_decl<Rule>(pair: Pair<Rule>) -> Declaration {
    |                   ++++++

error[E0425]: cannot find type `Rule` in this scope
   --> src/parser.rs:692:36
    |
692 |             let examples: Vec<Pair<Rule>> = ds_pair.clone().into_inner()
    |                                    ^^^^ not found in this scope
    |
help: there is an enum variant `crate::parser::Declaration::Rule`; try using the variant's enum
    |
692 -             let examples: Vec<Pair<Rule>> = ds_pair.clone().into_inner()
692 +             let examples: Vec<Pair<crate::parser::Declaration>> = ds_pair.clone().into_inner()
    |
help: you might be missing a type parameter
    |
677 | fn parse_eval_decl<Rule>(pair: Pair<Rule>) -> Declaration {
    |                   ++++++

error[E0425]: cannot find type `Rule` in this scope
   --> src/parser.rs:696:40
    |
696 |                 let strings: Vec<&Pair<Rule>> = ex_pair.clone().into_inner()
    |                                        ^^^^ not found in this scope
    |
help: there is an enum variant `crate::parser::Declaration::Rule`; try using the variant's enum
    |
696 -                 let strings: Vec<&Pair<Rule>> = ex_pair.clone().into_inner()
696 +                 let strings: Vec<&Pair<crate::parser::Declaration>> = ex_pair.clone().into_inner()
    |
help: you might be missing a type parameter
    |
677 | fn parse_eval_decl<Rule>(pair: Pair<Rule>) -> Declaration {
    |                   ++++++

error[E0425]: cannot find type `Rule` in this scope
   --> src/parser.rs:738:35
    |
738 | fn parse_memorize_decl(pair: Pair<Rule>) -> Declaration {
    |                                   ^^^^ not found in this scope
    |
help: there is an enum variant `crate::parser::Declaration::Rule`; try using the variant's enum
    |
738 - fn parse_memorize_decl(pair: Pair<Rule>) -> Declaration {
738 + fn parse_memorize_decl(pair: Pair<crate::parser::Declaration>) -> Declaration {
    |
help: you might be missing a type parameter
    |
738 | fn parse_memorize_decl<Rule>(pair: Pair<Rule>) -> Declaration {
    |                       ++++++

error[E0425]: cannot find type `Rule` in this scope
   --> src/parser.rs:751:33
    |
751 | fn parse_forget_decl(pair: Pair<Rule>) -> Declaration {
    |                                 ^^^^ not found in this scope
    |
help: there is an enum variant `crate::parser::Declaration::Rule`; try using the variant's enum
    |
751 - fn parse_forget_decl(pair: Pair<Rule>) -> Declaration {
751 + fn parse_forget_decl(pair: Pair<crate::parser::Declaration>) -> Declaration {
    |
help: you might be missing a type parameter
    |
751 | fn parse_forget_decl<Rule>(pair: Pair<Rule>) -> Declaration {
    |                     ++++++

error[E0425]: cannot find type `Rule` in this scope
   --> src/parser.rs:766:44
    |
766 | fn parse_learnable_pattern_decl(pair: Pair<Rule>) -> Declaration {
    |                                            ^^^^ not found in this scope
    |
help: there is an enum variant `crate::parser::Declaration::Rule`; try using the variant's enum
    |
766 - fn parse_learnable_pattern_decl(pair: Pair<Rule>) -> Declaration {
766 + fn parse_learnable_pattern_decl(pair: Pair<crate::parser::Declaration>) -> Declaration {
    |
help: you might be missing a type parameter
    |
766 | fn parse_learnable_pattern_decl<Rule>(pair: Pair<Rule>) -> Declaration {
    |                                ++++++

error[E0425]: cannot find type `Rule` in this scope
   --> src/parser.rs:890:34
    |
890 | fn parse_pattern_decl(pair: Pair<Rule>) -> Declaration {
    |                                  ^^^^ not found in this scope
    |
help: there is an enum variant `crate::parser::Declaration::Rule`; try using the variant's enum
    |
890 - fn parse_pattern_decl(pair: Pair<Rule>) -> Declaration {
890 + fn parse_pattern_decl(pair: Pair<crate::parser::Declaration>) -> Declaration {
    |
help: you might be missing a type parameter
    |
890 | fn parse_pattern_decl<Rule>(pair: Pair<Rule>) -> Declaration {
    |                      ++++++

error[E0425]: cannot find type `Rule` in this scope
   --> src/parser.rs:904:28
    |
904 | fn parse_params(pair: Pair<Rule>) -> Vec<Param> {
    |                            ^^^^ not found in this scope
    |
help: there is an enum variant `crate::parser::Declaration::Rule`; try using the variant's enum
    |
904 - fn parse_params(pair: Pair<Rule>) -> Vec<Param> {
904 + fn parse_params(pair: Pair<crate::parser::Declaration>) -> Vec<Param> {
    |
help: you might be missing a type parameter
    |
904 | fn parse_params<Rule>(pair: Pair<Rule>) -> Vec<Param> {
    |                ++++++

error[E0425]: cannot find type `Rule` in this scope
   --> src/parser.rs:917:34
    |
917 | fn parse_pattern_body(pair: Pair<Rule>) -> Vec<Statement> {
    |                                  ^^^^ not found in this scope
    |
help: there is an enum variant `crate::parser::Declaration::Rule`; try using the variant's enum
    |
917 - fn parse_pattern_body(pair: Pair<Rule>) -> Vec<Statement> {
917 + fn parse_pattern_body(pair: Pair<crate::parser::Declaration>) -> Vec<Statement> {
    |
help: you might be missing a type parameter
    |
917 | fn parse_pattern_body<Rule>(pair: Pair<Rule>) -> Vec<Statement> {
    |                      ++++++

error[E0425]: cannot find type `Rule` in this scope
   --> src/parser.rs:925:38
    |
925 | fn parse_single_statement(pair: Pair<Rule>) -> Statement {
    |                                      ^^^^ not found in this scope
    |
help: there is an enum variant `crate::parser::Declaration::Rule`; try using the variant's enum
    |
925 - fn parse_single_statement(pair: Pair<Rule>) -> Statement {
925 + fn parse_single_statement(pair: Pair<crate::parser::Declaration>) -> Statement {
    |
help: you might be missing a type parameter
    |
925 | fn parse_single_statement<Rule>(pair: Pair<Rule>) -> Statement {
    |                          ++++++

error[E0425]: cannot find type `Rule` in this scope
   --> src/parser.rs:931:37
    |
931 |         let each_children: Vec<Pair<Rule>> = each_pair.clone().into_inner().collect();
    |                                     ^^^^ not found in this scope
    |
help: there is an enum variant `crate::parser::Declaration::Rule`; try using the variant's enum
    |
931 -         let each_children: Vec<Pair<Rule>> = each_pair.clone().into_inner().collect();
931 +         let each_children: Vec<Pair<crate::parser::Declaration>> = each_pair.clone().into_inner().collect();
    |
help: you might be missing a type parameter
    |
925 | fn parse_single_statement<Rule>(pair: Pair<Rule>) -> Statement {
    |                          ++++++

error[E0425]: cannot find type `Rule` in this scope
   --> src/parser.rs:941:38
    |
941 |         let while_children: Vec<Pair<Rule>> = while_pair.clone().into_inner().collect();
    |                                      ^^^^ not found in this scope
    |
help: there is an enum variant `crate::parser::Declaration::Rule`; try using the variant's enum
    |
941 -         let while_children: Vec<Pair<Rule>> = while_pair.clone().into_inner().collect();
941 +         let while_children: Vec<Pair<crate::parser::Declaration>> = while_pair.clone().into_inner().collect();
    |
help: you might be missing a type parameter
    |
925 | fn parse_single_statement<Rule>(pair: Pair<Rule>) -> Statement {
    |                          ++++++

error[E0425]: cannot find type `Rule` in this scope
   --> src/parser.rs:965:35
    |
965 |         let it_children: Vec<Pair<Rule>> = it_pair.clone().into_inner().collect();
    |                                   ^^^^ not found in this scope
    |
help: there is an enum variant `crate::parser::Declaration::Rule`; try using the variant's enum
    |
965 -         let it_children: Vec<Pair<Rule>> = it_pair.clone().into_inner().collect();
965 +         let it_children: Vec<Pair<crate::parser::Declaration>> = it_pair.clone().into_inner().collect();
    |
help: you might be missing a type parameter
    |
925 | fn parse_single_statement<Rule>(pair: Pair<Rule>) -> Statement {
    |                          ++++++

error[E0425]: cannot find type `Rule` in this scope
   --> src/parser.rs:985:35
    |
985 | fn parse_if_block_stmt(pair: Pair<Rule>) -> Statement {
    |                                   ^^^^ not found in this scope
    |
help: there is an enum variant `crate::parser::Declaration::Rule`; try using the variant's enum
    |
985 - fn parse_if_block_stmt(pair: Pair<Rule>) -> Statement {
985 + fn parse_if_block_stmt(pair: Pair<crate::parser::Declaration>) -> Statement {
    |
help: you might be missing a type parameter
    |
985 | fn parse_if_block_stmt<Rule>(pair: Pair<Rule>) -> Statement {
    |                       ++++++

error[E0425]: cannot find type `Rule` in this scope
    --> src/parser.rs:1054:31
     |
1054 | fn parse_flow_decl(pair: Pair<Rule>) -> Declaration {
     |                               ^^^^ not found in this scope
     |
help: there is an enum variant `crate::parser::Declaration::Rule`; try using the variant's enum
     |
1054 - fn parse_flow_decl(pair: Pair<Rule>) -> Declaration {
1054 + fn parse_flow_decl(pair: Pair<crate::parser::Declaration>) -> Declaration {
     |
help: you might be missing a type parameter
     |
1054 | fn parse_flow_decl<Rule>(pair: Pair<Rule>) -> Declaration {
     |                   ++++++

error[E0425]: cannot find type `Rule` in this scope
    --> src/parser.rs:1115:28
     |
1115 | fn parse_branch(pair: Pair<Rule>) -> Branch {
     |                            ^^^^ not found in this scope
     |
help: there is an enum variant `crate::parser::Declaration::Rule`; try using the variant's enum
     |
1115 - fn parse_branch(pair: Pair<Rule>) -> Branch {
1115 + fn parse_branch(pair: Pair<crate::parser::Declaration>) -> Branch {
     |
help: you might be missing a type parameter
     |
1115 | fn parse_branch<Rule>(pair: Pair<Rule>) -> Branch {
     |                ++++++

error[E0425]: cannot find type `Rule` in this scope
    --> src/parser.rs:1128:38
     |
1128 | fn parse_branch_condition(pair: Pair<Rule>) -> BranchCondition {
     |                                      ^^^^ not found in this scope
     |
help: there is an enum variant `crate::parser::Declaration::Rule`; try using the variant's enum
     |
1128 - fn parse_branch_condition(pair: Pair<Rule>) -> BranchCondition {
1128 + fn parse_branch_condition(pair: Pair<crate::parser::Declaration>) -> BranchCondition {
     |
help: you might be missing a type parameter
     |
1128 | fn parse_branch_condition<Rule>(pair: Pair<Rule>) -> BranchCondition {
     |                          ++++++

error[E0425]: cannot find type `Rule` in this scope
    --> src/parser.rs:1142:28
     |
1142 | fn parse_binop(pair: &Pair<Rule>) -> BinOp {
     |                            ^^^^ not found in this scope
     |
help: there is an enum variant `crate::parser::Declaration::Rule`; try using the variant's enum
     |
1142 - fn parse_binop(pair: &Pair<Rule>) -> BinOp {
1142 + fn parse_binop(pair: &Pair<crate::parser::Declaration>) -> BinOp {
     |
help: you might be missing a type parameter
     |
1142 | fn parse_binop<Rule>(pair: &Pair<Rule>) -> BinOp {
     |               ++++++

error[E0425]: cannot find type `Rule` in this scope
    --> src/parser.rs:1158:32
     |
1158 | fn parse_expression(pair: Pair<Rule>) -> Expr {
     |                                ^^^^ not found in this scope
     |
help: there is an enum variant `crate::parser::Declaration::Rule`; try using the variant's enum
     |
1158 - fn parse_expression(pair: Pair<Rule>) -> Expr {
1158 + fn parse_expression(pair: Pair<crate::parser::Declaration>) -> Expr {
     |
help: you might be missing a type parameter
     |
1158 | fn parse_expression<Rule>(pair: Pair<Rule>) -> Expr {
     |                    ++++++

error[E0277]: the type `str` cannot be indexed by `std::ops::RangeFrom<&usize>`
   --> src/builtins.rs:239:40
    |
239 |         .find(|(byte_idx, _)| haystack[byte_idx..].starts_with(&needle))
    |                                        ^^^^^^^^^^ string indices are ranges of `usize`
    |
    = help: the trait `SliceIndex<str>` is not implemented for `std::ops::RangeFrom<&usize>`
help: the trait `SliceIndex<str>` is implemented for `std::ops::RangeFrom<usize>`
   --> /rustc/ac68faa20c58cbccd01ee7208bf3b6e93a7d7f96/library/core/src/str/traits.rs:504:0
    = note: required for `std::string::String` to implement `std::ops::Index<std::ops::RangeFrom<&usize>>`

error[E0308]: mismatched types
    --> src/interpreter.rs:2341:33
     |
2340 | ...                   if matches!(function,
     |                                   -------- this expression has type `&std::string::String`
2341 | ...                       "read_file" | "write_file" | "append_file"
     |                           ^^^^^^^^^^^ expected `&String`, found `&str`
     |
     = note: expected reference `&std::string::String`
                found reference `&'static str`

error[E0308]: mismatched types
    --> src/interpreter.rs:2341:47
     |
2340 | ...                   if matches!(function,
     |                                   -------- this expression has type `&std::string::String`
2341 | ...                       "read_file" | "write_file" | "append_file"
     |                                         ^^^^^^^^^^^^ expected `&String`, found `&str`
     |
     = note: expected reference `&std::string::String`
                found reference `&'static str`

error[E0308]: mismatched types
    --> src/interpreter.rs:2341:62
     |
2340 | ...                   if matches!(function,
     |                                   -------- this expression has type `&std::string::String`
2341 | ...                       "read_file" | "write_file" | "append_file"
     |                                                        ^^^^^^^^^^^^^ expected `&String`, found `&str`
     |
     = note: expected reference `&std::string::String`
                found reference `&'static str`

error[E0308]: mismatched types
    --> src/interpreter.rs:2342:35
     |
2340 | ...                   if matches!(function,
     |                                   -------- this expression has type `&std::string::String`
2341 | ...                       "read_file" | "write_file" | "append_file"
2342 | ...                       | "delete_file" | "file_exists" | "list_dir"
     |                             ^^^^^^^^^^^^^ expected `&String`, found `&str`
     |
     = note: expected reference `&std::string::String`
                found reference `&'static str`

error[E0308]: mismatched types
    --> src/interpreter.rs:2342:51
     |
2340 | ...                   if matches!(function,
     |                                   -------- this expression has type `&std::string::String`
2341 | ...                       "read_file" | "write_file" | "append_file"
2342 | ...                       | "delete_file" | "file_exists" | "list_dir"
     |                                             ^^^^^^^^^^^^^ expected `&String`, found `&str`
     |
     = note: expected reference `&std::string::String`
                found reference `&'static str`

error[E0308]: mismatched types
    --> src/interpreter.rs:2342:67
     |
2340 | ...                   if matches!(function,
     |                                   -------- this expression has type `&std::string::String`
2341 | ...                       "read_file" | "write_file" | "append_file"
2342 | ...                       | "delete_file" | "file_exists" | "list_dir"
     |                                                             ^^^^^^^^^^ expected `&String`, found `&str`
     |
     = note: expected reference `&std::string::String`
                found reference `&'static str`

error[E0599]: no associated function or constant named `parse` found for struct `MlogParser` in the current scope
  --> src/parser.rs:26:29
   |
11 | pub struct MlogParser;
   | --------------------- associated function or constant `parse` not found for this struct
...
26 |     let pairs = MlogParser::parse(Rule::program, &preprocessed)?;
   |                             ^^^^^ associated function or constant not found in `MlogParser`
   |
   = help: items from traits can only be used if the trait is implemented and in scope
   = note: the following traits define an item `parse`, perhaps you need to implement one of them:
           candidate #1: `Parser`
           candidate #2: `clap::Parser`
           candidate #3: `clap::builder::TypedValueParser`

error[E0433]: cannot find type `Rule` in this scope
  --> src/parser.rs:26:35
   |
26 |     let pairs = MlogParser::parse(Rule::program, &preprocessed)?;
   |                                   ^^^^ use of undeclared type `Rule`
   |
help: there is an enum variant `crate::parser::Declaration::Rule`; try using the variant's enum
   |
26 -     let pairs = MlogParser::parse(Rule::program, &preprocessed)?;
26 +     let pairs = MlogParser::parse(crate::parser::Declaration::program, &preprocessed)?;
   |

error[E0433]: cannot find type `Rule` in this scope
  --> src/parser.rs:89:36
   |
89 |         .filter(|c| c.as_rule() == Rule::mlogserver_body)
   |                                    ^^^^ use of undeclared type `Rule`
   |
help: there is an enum variant `crate::parser::Declaration::Rule`; try using the variant's enum
   |
89 -         .filter(|c| c.as_rule() == Rule::mlogserver_body)
89 +         .filter(|c| c.as_rule() == crate::parser::Declaration::mlogserver_body)
   |

error[E0433]: cannot find type `Rule` in this scope
  --> src/parser.rs:94:34
   |
94 |         .find(|c| c.as_rule() == Rule::mlogserver_port)
   |                                  ^^^^ use of undeclared type `Rule`
   |
help: there is an enum variant `crate::parser::Declaration::Rule`; try using the variant's enum
   |
94 -         .find(|c| c.as_rule() == Rule::mlogserver_port)
94 +         .find(|c| c.as_rule() == crate::parser::Declaration::mlogserver_port)
   |

error[E0433]: cannot find type `Rule` in this scope
  --> src/parser.rs:95:55
   |
95 |         .and_then(|c| find_child_str(&children_of(c), Rule::INT))
   |                                                       ^^^^ use of undeclared type `Rule`
   |
help: there is an enum variant `crate::parser::Declaration::Rule`; try using the variant's enum
   |
95 -         .and_then(|c| find_child_str(&children_of(c), Rule::INT))
95 +         .and_then(|c| find_child_str(&children_of(c), crate::parser::Declaration::INT))
   |

error[E0433]: cannot find type `Rule` in this scope
   --> src/parser.rs:101:31
    |
101 |         if child.as_rule() == Rule::mlogserver_middleware {
    |                               ^^^^ use of undeclared type `Rule`
    |
help: there is an enum variant `crate::parser::Declaration::Rule`; try using the variant's enum
    |
101 -         if child.as_rule() == Rule::mlogserver_middleware {
101 +         if child.as_rule() == crate::parser::Declaration::mlogserver_middleware {
    |

error[E0433]: cannot find type `Rule` in this scope
   --> src/parser.rs:102:82
    |
102 |             if let Some(il) = child.clone().into_inner().find(|c| c.as_rule() == Rule::ident_list) {
    |                                                                                  ^^^^ use of undeclared type `Rule`
    |
help: there is an enum variant `crate::parser::Declaration::Rule`; try using the variant's enum
    |
102 -             if let Some(il) = child.clone().into_inner().find(|c| c.as_rule() == Rule::ident_list) {
102 +             if let Some(il) = child.clone().into_inner().find(|c| c.as_rule() == crate::parser::Declaration::ident_list) {
    |

error[E0433]: cannot find type `Rule` in this scope
   --> src/parser.rs:104:48
    |
104 |                     .filter(|c| c.as_rule() == Rule::IDENT)
    |                                                ^^^^ use of undeclared type `Rule`
    |
help: there is an enum variant `crate::parser::Declaration::Rule`; try using the variant's enum
    |
104 -                     .filter(|c| c.as_rule() == Rule::IDENT)
104 +                     .filter(|c| c.as_rule() == crate::parser::Declaration::IDENT)
    |

error[E0433]: cannot find type `Rule` in this scope
   --> src/parser.rs:112:36
    |
112 |         .filter(|c| c.as_rule() == Rule::route_decl)
    |                                    ^^^^ use of undeclared type `Rule`
    |
help: there is an enum variant `crate::parser::Declaration::Rule`; try using the variant's enum
    |
112 -         .filter(|c| c.as_rule() == Rule::route_decl)
112 +         .filter(|c| c.as_rule() == crate::parser::Declaration::route_decl)
    |

error[E0433]: cannot find type `Rule` in this scope
   --> src/parser.rs:122:34
    |
122 |         .find(|c| c.as_rule() == Rule::STRING_LITERAL)
    |                                  ^^^^ use of undeclared type `Rule`
    |
help: there is an enum variant `crate::parser::Declaration::Rule`; try using the variant's enum
    |
122 -         .find(|c| c.as_rule() == Rule::STRING_LITERAL)
122 +         .find(|c| c.as_rule() == crate::parser::Declaration::STRING_LITERAL)
    |

error[E0433]: cannot find type `Rule` in this scope
   --> src/parser.rs:130:36
    |
130 |         .filter(|c| c.as_rule() == Rule::IDENT)
    |                                    ^^^^ use of undeclared type `Rule`
    |
help: there is an enum variant `crate::parser::Declaration::Rule`; try using the variant's enum
    |
130 -         .filter(|c| c.as_rule() == Rule::IDENT)
130 +         .filter(|c| c.as_rule() == crate::parser::Declaration::IDENT)
    |

error[E0433]: cannot find type `Rule` in this scope
   --> src/parser.rs:137:31
    |
137 |         if child.as_rule() == Rule::route_requires {
    |                               ^^^^ use of undeclared type `Rule`
    |
help: there is an enum variant `crate::parser::Declaration::Rule`; try using the variant's enum
    |
137 -         if child.as_rule() == Rule::route_requires {
137 +         if child.as_rule() == crate::parser::Declaration::route_requires {
    |

error[E0433]: cannot find type `Rule` in this scope
   --> src/parser.rs:138:82
    |
138 |             if let Some(il) = child.clone().into_inner().find(|c| c.as_rule() == Rule::ident_list) {
    |                                                                                  ^^^^ use of undeclared type `Rule`
    |
help: there is an enum variant `crate::parser::Declaration::Rule`; try using the variant's enum
    |
138 -             if let Some(il) = child.clone().into_inner().find(|c| c.as_rule() == Rule::ident_list) {
138 +             if let Some(il) = child.clone().into_inner().find(|c| c.as_rule() == crate::parser::Declaration::ident_list) {
    |

error[E0433]: cannot find type `Rule` in this scope
   --> src/parser.rs:140:48
    |
140 |                     .filter(|c| c.as_rule() == Rule::IDENT)
    |                                                ^^^^ use of undeclared type `Rule`
    |
help: there is an enum variant `crate::parser::Declaration::Rule`; try using the variant's enum
    |
140 -                     .filter(|c| c.as_rule() == Rule::IDENT)
140 +                     .filter(|c| c.as_rule() == crate::parser::Declaration::IDENT)
    |

error[E0433]: cannot find type `Rule` in this scope
   --> src/parser.rs:148:36
    |
148 |         .filter(|c| c.as_rule() == Rule::statement)
    |                                    ^^^^ use of undeclared type `Rule`
    |
help: there is an enum variant `crate::parser::Declaration::Rule`; try using the variant's enum
    |
148 -         .filter(|c| c.as_rule() == Rule::statement)
148 +         .filter(|c| c.as_rule() == crate::parser::Declaration::statement)
    |

error[E0433]: cannot find type `Rule` in this scope
   --> src/parser.rs:227:42
    |
227 |     let name = find_child_str(&children, Rule::IDENT).unwrap_or_default();
    |                                          ^^^^ use of undeclared type `Rule`
    |
help: there is an enum variant `crate::parser::Declaration::Rule`; try using the variant's enum
    |
227 -     let name = find_child_str(&children, Rule::IDENT).unwrap_or_default();
227 +     let name = find_child_str(&children, crate::parser::Declaration::IDENT).unwrap_or_default();
    |

error[E0433]: cannot find type `Rule` in this scope
   --> src/parser.rs:228:40
    |
228 |     let params = find_child(&children, Rule::params)
    |                                        ^^^^ use of undeclared type `Rule`
    |
help: there is an enum variant `crate::parser::Declaration::Rule`; try using the variant's enum
    |
228 -     let params = find_child(&children, Rule::params)
228 +     let params = find_child(&children, crate::parser::Declaration::params)
    |

error[E0433]: cannot find type `Rule` in this scope
   --> src/parser.rs:231:49
    |
231 |     let return_type = find_child_str(&children, Rule::type_name).unwrap_or_default();
    |                                                 ^^^^ use of undeclared type `Rule`
    |
help: there is an enum variant `crate::parser::Declaration::Rule`; try using the variant's enum
    |
231 -     let return_type = find_child_str(&children, Rule::type_name).unwrap_or_default();
231 +     let return_type = find_child_str(&children, crate::parser::Declaration::type_name).unwrap_or_default();
    |

error[E0433]: cannot find type `Rule` in this scope
   --> src/parser.rs:235:34
    |
235 |         .find(|c| c.as_rule() == Rule::template_body_raw)
    |                                  ^^^^ use of undeclared type `Rule`
    |
help: there is an enum variant `crate::parser::Declaration::Rule`; try using the variant's enum
    |
235 -         .find(|c| c.as_rule() == Rule::template_body_raw)
235 +         .find(|c| c.as_rule() == crate::parser::Declaration::template_body_raw)
    |

error[E0433]: cannot find type `Rule` in this scope
   --> src/parser.rs:284:36
    |
284 |         .filter(|c| c.as_rule() == Rule::db_body)
    |                                    ^^^^ use of undeclared type `Rule`
    |
help: there is an enum variant `crate::parser::Declaration::Rule`; try using the variant's enum
    |
284 -         .filter(|c| c.as_rule() == Rule::db_body)
284 +         .filter(|c| c.as_rule() == crate::parser::Declaration::db_body)
    |

error[E0433]: cannot find type `Rule` in this scope
   --> src/parser.rs:289:34
    |
289 |         .find(|c| c.as_rule() == Rule::db_url)
    |                                  ^^^^ use of undeclared type `Rule`
    |
help: there is an enum variant `crate::parser::Declaration::Rule`; try using the variant's enum
    |
289 -         .find(|c| c.as_rule() == Rule::db_url)
289 +         .find(|c| c.as_rule() == crate::parser::Declaration::db_url)
    |

error[E0433]: cannot find type `Rule` in this scope
   --> src/parser.rs:292:37
    |
292 |             find_child(&c_children, Rule::expression).map(|e| parse_expression(e))
    |                                     ^^^^ use of undeclared type `Rule`
    |
help: there is an enum variant `crate::parser::Declaration::Rule`; try using the variant's enum
    |
292 -             find_child(&c_children, Rule::expression).map(|e| parse_expression(e))
292 +             find_child(&c_children, crate::parser::Declaration::expression).map(|e| parse_expression(e))
    |

error[E0433]: cannot find type `Rule` in this scope
   --> src/parser.rs:296:34
    |
296 |         .find(|c| c.as_rule() == Rule::db_pool)
    |                                  ^^^^ use of undeclared type `Rule`
    |
help: there is an enum variant `crate::parser::Declaration::Rule`; try using the variant's enum
    |
296 -         .find(|c| c.as_rule() == Rule::db_pool)
296 +         .find(|c| c.as_rule() == crate::parser::Declaration::db_pool)
    |

error[E0433]: cannot find type `Rule` in this scope
   --> src/parser.rs:297:55
    |
297 |         .and_then(|c| find_child_str(&children_of(c), Rule::INT))
    |                                                       ^^^^ use of undeclared type `Rule`
    |
help: there is an enum variant `crate::parser::Declaration::Rule`; try using the variant's enum
    |
297 -         .and_then(|c| find_child_str(&children_of(c), Rule::INT))
297 +         .and_then(|c| find_child_str(&children_of(c), crate::parser::Declaration::INT))
    |

error[E0433]: cannot find type `Rule` in this scope
   --> src/parser.rs:301:34
    |
301 |         .find(|c| c.as_rule() == Rule::db_migrate)
    |                                  ^^^^ use of undeclared type `Rule`
    |
help: there is an enum variant `crate::parser::Declaration::Rule`; try using the variant's enum
    |
301 -         .find(|c| c.as_rule() == Rule::db_migrate)
301 +         .find(|c| c.as_rule() == crate::parser::Declaration::db_migrate)
    |

error[E0433]: cannot find type `Rule` in this scope
   --> src/parser.rs:302:55
    |
302 |         .and_then(|c| find_child_str(&children_of(c), Rule::STRING_LITERAL))
    |                                                       ^^^^ use of undeclared type `Rule`
    |
help: there is an enum variant `crate::parser::Declaration::Rule`; try using the variant's enum
    |
302 -         .and_then(|c| find_child_str(&children_of(c), Rule::STRING_LITERAL))
302 +         .and_then(|c| find_child_str(&children_of(c), crate::parser::Declaration::STRING_LITERAL))
    |

error[E0433]: cannot find type `Rule` in this scope
   --> src/parser.rs:312:36
    |
312 |         .filter(|c| c.as_rule() == Rule::memory_body)
    |                                    ^^^^ use of undeclared type `Rule`
    |
help: there is an enum variant `crate::parser::Declaration::Rule`; try using the variant's enum
    |
312 -         .filter(|c| c.as_rule() == Rule::memory_body)
312 +         .filter(|c| c.as_rule() == crate::parser::Declaration::memory_body)
    |

error[E0433]: cannot find type `Rule` in this scope
   --> src/parser.rs:317:34
    |
317 |         .find(|c| c.as_rule() == Rule::memory_persist)
    |                                  ^^^^ use of undeclared type `Rule`
    |
help: there is an enum variant `crate::parser::Declaration::Rule`; try using the variant's enum
    |
317 -         .find(|c| c.as_rule() == Rule::memory_persist)
317 +         .find(|c| c.as_rule() == crate::parser::Declaration::memory_persist)
    |

error[E0433]: cannot find type `Rule` in this scope
   --> src/parser.rs:318:55
    |
318 |         .and_then(|c| find_child_str(&children_of(c), Rule::STRING_LITERAL))
    |                                                       ^^^^ use of undeclared type `Rule`
    |
help: there is an enum variant `crate::parser::Declaration::Rule`; try using the variant's enum
    |
318 -         .and_then(|c| find_child_str(&children_of(c), Rule::STRING_LITERAL))
318 +         .and_then(|c| find_child_str(&children_of(c), crate::parser::Declaration::STRING_LITERAL))
    |

error[E0433]: cannot find type `Rule` in this scope
   --> src/parser.rs:329:42
    |
329 |     let path = find_child_str(&children, Rule::import_path).unwrap_or_default();
    |                                          ^^^^ use of undeclared type `Rule`
    |
help: there is an enum variant `crate::parser::Declaration::Rule`; try using the variant's enum
    |
329 -     let path = find_child_str(&children, Rule::import_path).unwrap_or_default();
329 +     let path = find_child_str(&children, crate::parser::Declaration::import_path).unwrap_or_default();
    |

error[E0433]: cannot find type `Rule` in this scope
   --> src/parser.rs:330:43
    |
330 |     let alias = find_child_str(&children, Rule::IDENT);
    |                                           ^^^^ use of undeclared type `Rule`
    |
help: there is an enum variant `crate::parser::Declaration::Rule`; try using the variant's enum
    |
330 -     let alias = find_child_str(&children, Rule::IDENT);
330 +     let alias = find_child_str(&children, crate::parser::Declaration::IDENT);
    |

error[E0433]: cannot find type `Rule` in this scope
   --> src/parser.rs:338:42
    |
338 |     let name = find_child_str(&children, Rule::IDENT).unwrap_or_default();
    |                                          ^^^^ use of undeclared type `Rule`
    |
help: there is an enum variant `crate::parser::Declaration::Rule`; try using the variant's enum
    |
338 -     let name = find_child_str(&children, Rule::IDENT).unwrap_or_default();
338 +     let name = find_child_str(&children, crate::parser::Declaration::IDENT).unwrap_or_default();
    |

error[E0433]: cannot find type `Rule` in this scope
   --> src/parser.rs:340:36
    |
340 |         .filter(|c| c.as_rule() == Rule::field_decl)
    |                                    ^^^^ use of undeclared type `Rule`
    |
help: there is an enum variant `crate::parser::Declaration::Rule`; try using the variant's enum
    |
340 -         .filter(|c| c.as_rule() == Rule::field_decl)
340 +         .filter(|c| c.as_rule() == crate::parser::Declaration::field_decl)
    |

error[E0433]: cannot find type `Rule` in this scope
   --> src/parser.rs:349:42
    |
349 |     let name = find_child_str(&children, Rule::IDENT).unwrap_or_default();
    |                                          ^^^^ use of undeclared type `Rule`
    |
help: there is an enum variant `crate::parser::Declaration::Rule`; try using the variant's enum
    |
349 -     let name = find_child_str(&children, Rule::IDENT).unwrap_or_default();
349 +     let name = find_child_str(&children, crate::parser::Declaration::IDENT).unwrap_or_default();
    |

error[E0433]: cannot find type `Rule` in this scope
   --> src/parser.rs:350:47
    |
350 |     let type_name = find_child_str(&children, Rule::type_name).unwrap_or_default();
    |                                               ^^^^ use of undeclared type `Rule`
    |
help: there is an enum variant `crate::parser::Declaration::Rule`; try using the variant's enum
    |
350 -     let type_name = find_child_str(&children, Rule::type_name).unwrap_or_default();
350 +     let type_name = find_child_str(&children, crate::parser::Declaration::type_name).unwrap_or_default();
    |

error[E0433]: cannot find type `Rule` in this scope
   --> src/parser.rs:351:41
    |
351 |     let default = find_child(&children, Rule::literal)
    |                                         ^^^^ use of undeclared type `Rule`
    |
help: there is an enum variant `crate::parser::Declaration::Rule`; try using the variant's enum
    |
351 -     let default = find_child(&children, Rule::literal)
351 +     let default = find_child(&children, crate::parser::Declaration::literal)
    |

error[E0433]: cannot find type `Rule` in this scope
   --> src/parser.rs:394:42
    |
394 |     let name = find_child_str(&children, Rule::IDENT).unwrap_or_default();
    |                                          ^^^^ use of undeclared type `Rule`
    |
help: there is an enum variant `crate::parser::Declaration::Rule`; try using the variant's enum
    |
394 -     let name = find_child_str(&children, Rule::IDENT).unwrap_or_default();
394 +     let name = find_child_str(&children, crate::parser::Declaration::IDENT).unwrap_or_default();
    |

error[E0433]: cannot find type `Rule` in this scope
   --> src/parser.rs:395:47
    |
395 |     let type_name = find_child_str(&children, Rule::type_name).unwrap_or_default();
    |                                               ^^^^ use of undeclared type `Rule`
    |
help: there is an enum variant `crate::parser::Declaration::Rule`; try using the variant's enum
    |
395 -     let type_name = find_child_str(&children, Rule::type_name).unwrap_or_default();
395 +     let type_name = find_child_str(&children, crate::parser::Declaration::type_name).unwrap_or_default();
    |

error[E0433]: cannot find type `Rule` in this scope
   --> src/parser.rs:397:36
    |
397 |         .filter(|c| c.as_rule() == Rule::field_init)
    |                                    ^^^^ use of undeclared type `Rule`
    |
help: there is an enum variant `crate::parser::Declaration::Rule`; try using the variant's enum
    |
397 -         .filter(|c| c.as_rule() == Rule::field_init)
397 +         .filter(|c| c.as_rule() == crate::parser::Declaration::field_init)
    |

error[E0433]: cannot find type `Rule` in this scope
   --> src/parser.rs:406:42
    |
406 |     let name = find_child_str(&children, Rule::IDENT).unwrap_or_default();
    |                                          ^^^^ use of undeclared type `Rule`
    |
help: there is an enum variant `crate::parser::Declaration::Rule`; try using the variant's enum
    |
406 -     let name = find_child_str(&children, Rule::IDENT).unwrap_or_default();
406 +     let name = find_child_str(&children, crate::parser::Declaration::IDENT).unwrap_or_default();
    |

error[E0433]: cannot find type `Rule` in this scope
   --> src/parser.rs:407:43
    |
407 |     let expr_pair = find_child(&children, Rule::expression).unwrap();
    |                                           ^^^^ use of undeclared type `Rule`
    |
help: there is an enum variant `crate::parser::Declaration::Rule`; try using the variant's enum
    |
407 -     let expr_pair = find_child(&children, Rule::expression).unwrap();
407 +     let expr_pair = find_child(&children, crate::parser::Declaration::expression).unwrap();
    |

error[E0433]: cannot find type `Rule` in this scope
   --> src/parser.rs:417:42
    |
417 |     let name = find_child_str(&children, Rule::IDENT).unwrap_or_default();
    |                                          ^^^^ use of undeclared type `Rule`
    |
help: there is an enum variant `crate::parser::Declaration::Rule`; try using the variant's enum
    |
417 -     let name = find_child_str(&children, Rule::IDENT).unwrap_or_default();
417 +     let name = find_child_str(&children, crate::parser::Declaration::IDENT).unwrap_or_default();
    |

error[E0433]: cannot find type `Rule` in this scope
   --> src/parser.rs:418:47
    |
418 |     let type_name = find_child_str(&children, Rule::type_name).unwrap_or_default();
    |                                               ^^^^ use of undeclared type `Rule`
    |
help: there is an enum variant `crate::parser::Declaration::Rule`; try using the variant's enum
    |
418 -     let type_name = find_child_str(&children, Rule::type_name).unwrap_or_default();
418 +     let type_name = find_child_str(&children, crate::parser::Declaration::type_name).unwrap_or_default();
    |

error[E0433]: cannot find type `Rule` in this scope
   --> src/parser.rs:419:43
    |
419 |     let expr_pair = find_child(&children, Rule::expression).unwrap();
    |                                           ^^^^ use of undeclared type `Rule`
    |
help: there is an enum variant `crate::parser::Declaration::Rule`; try using the variant's enum
    |
419 -     let expr_pair = find_child(&children, Rule::expression).unwrap();
419 +     let expr_pair = find_child(&children, crate::parser::Declaration::expression).unwrap();
    |

error[E0433]: cannot find type `Rule` in this scope
   --> src/parser.rs:439:46
    |
439 |     let priority = find_child_str(&children, Rule::INT)
    |                                              ^^^^ use of undeclared type `Rule`
    |
help: there is an enum variant `crate::parser::Declaration::Rule`; try using the variant's enum
    |
439 -     let priority = find_child_str(&children, Rule::INT)
439 +     let priority = find_child_str(&children, crate::parser::Declaration::INT)
    |

error[E0433]: cannot find type `Rule` in this scope
   --> src/parser.rs:484:42
    |
484 |     let name = find_child_str(&children, Rule::IDENT).unwrap_or_default();
    |                                          ^^^^ use of undeclared type `Rule`
    |
help: there is an enum variant `crate::parser::Declaration::Rule`; try using the variant's enum
    |
484 -     let name = find_child_str(&children, Rule::IDENT).unwrap_or_default();
484 +     let name = find_child_str(&children, crate::parser::Declaration::IDENT).unwrap_or_default();
    |

error[E0433]: cannot find type `Rule` in this scope
   --> src/parser.rs:487:36
    |
487 |         .filter(|c| c.as_rule() == Rule::fluid_branch)
    |                                    ^^^^ use of undeclared type `Rule`
    |
help: there is an enum variant `crate::parser::Declaration::Rule`; try using the variant's enum
    |
487 -         .filter(|c| c.as_rule() == Rule::fluid_branch)
487 +         .filter(|c| c.as_rule() == crate::parser::Declaration::fluid_branch)
    |

error[E0433]: cannot find type `Rule` in this scope
   --> src/parser.rs:497:47
    |
497 |     let type_name = find_child_str(&children, Rule::type_name).unwrap_or_default();
    |                                               ^^^^ use of undeclared type `Rule`
    |
help: there is an enum variant `crate::parser::Declaration::Rule`; try using the variant's enum
    |
497 -     let type_name = find_child_str(&children, Rule::type_name).unwrap_or_default();
497 +     let type_name = find_child_str(&children, crate::parser::Declaration::type_name).unwrap_or_default();
    |

error[E0433]: cannot find type `Rule` in this scope
   --> src/parser.rs:500:36
    |
500 |         .filter(|c| c.as_rule() == Rule::expression)
    |                                    ^^^^ use of undeclared type `Rule`
    |
help: there is an enum variant `crate::parser::Declaration::Rule`; try using the variant's enum
    |
500 -         .filter(|c| c.as_rule() == Rule::expression)
500 +         .filter(|c| c.as_rule() == crate::parser::Declaration::expression)
    |

error[E0433]: cannot find type `Rule` in this scope
   --> src/parser.rs:506:36
    |
506 |         .filter(|c| c.as_rule() == Rule::FLOAT_LITERAL)
    |                                    ^^^^ use of undeclared type `Rule`
    |
help: there is an enum variant `crate::parser::Declaration::Rule`; try using the variant's enum
    |
506 -         .filter(|c| c.as_rule() == Rule::FLOAT_LITERAL)
506 +         .filter(|c| c.as_rule() == crate::parser::Declaration::FLOAT_LITERAL)
    |

error[E0433]: cannot find type `Rule` in this scope
   --> src/parser.rs:522:50
    |
522 |     let pattern_name = find_child_str(&children, Rule::IDENT).unwrap_or_default();
    |                                                  ^^^^ use of undeclared type `Rule`
    |
help: there is an enum variant `crate::parser::Declaration::Rule`; try using the variant's enum
    |
522 -     let pattern_name = find_child_str(&children, Rule::IDENT).unwrap_or_default();
522 +     let pattern_name = find_child_str(&children, crate::parser::Declaration::IDENT).unwrap_or_default();
    |

error[E0433]: cannot find type `Rule` in this scope
   --> src/parser.rs:525:36
    |
525 |         .filter(|c| c.as_rule() == Rule::expression)
    |                                    ^^^^ use of undeclared type `Rule`
    |
help: there is an enum variant `crate::parser::Declaration::Rule`; try using the variant's enum
    |
525 -         .filter(|c| c.as_rule() == Rule::expression)
525 +         .filter(|c| c.as_rule() == crate::parser::Declaration::expression)
    |

error[E0433]: cannot find type `Rule` in this scope
   --> src/parser.rs:542:36
    |
542 |         .filter(|c| c.as_rule() == Rule::expression)
    |                                    ^^^^ use of undeclared type `Rule`
    |
help: there is an enum variant `crate::parser::Declaration::Rule`; try using the variant's enum
    |
542 -         .filter(|c| c.as_rule() == Rule::expression)
542 +         .filter(|c| c.as_rule() == crate::parser::Declaration::expression)
    |

error[E0433]: cannot find type `Rule` in this scope
   --> src/parser.rs:567:34
    |
567 |         .find(|c| c.as_rule() == Rule::hook_kind)
    |                                  ^^^^ use of undeclared type `Rule`
    |
help: there is an enum variant `crate::parser::Declaration::Rule`; try using the variant's enum
    |
567 -         .find(|c| c.as_rule() == Rule::hook_kind)
567 +         .find(|c| c.as_rule() == crate::parser::Declaration::hook_kind)
    |

error[E0433]: cannot find type `Rule` in this scope
   --> src/parser.rs:570:62
    |
570 |             if kind_children.iter().any(|kc| kc.as_rule() == Rule::BEFORE_PATTERN_KW) {
    |                                                              ^^^^ use of undeclared type `Rule`
    |
help: there is an enum variant `crate::parser::Declaration::Rule`; try using the variant's enum
    |
570 -             if kind_children.iter().any(|kc| kc.as_rule() == Rule::BEFORE_PATTERN_KW) {
570 +             if kind_children.iter().any(|kc| kc.as_rule() == crate::parser::Declaration::BEFORE_PATTERN_KW) {
    |

error[E0433]: cannot find type `Rule` in this scope
   --> src/parser.rs:579:36
    |
579 |         .filter(|c| c.as_rule() == Rule::statement)
    |                                    ^^^^ use of undeclared type `Rule`
    |
help: there is an enum variant `crate::parser::Declaration::Rule`; try using the variant's enum
    |
579 -         .filter(|c| c.as_rule() == Rule::statement)
579 +         .filter(|c| c.as_rule() == crate::parser::Declaration::statement)
    |

error[E0433]: cannot find type `Rule` in this scope
   --> src/parser.rs:591:42
    |
591 |     let name = find_child_str(&children, Rule::IDENT).unwrap_or_default();
    |                                          ^^^^ use of undeclared type `Rule`
    |
help: there is an enum variant `crate::parser::Declaration::Rule`; try using the variant's enum
    |
591 -     let name = find_child_str(&children, Rule::IDENT).unwrap_or_default();
591 +     let name = find_child_str(&children, crate::parser::Declaration::IDENT).unwrap_or_default();
    |

error[E0433]: cannot find type `Rule` in this scope
   --> src/parser.rs:597:52
    |
597 |     if let Some(body_pair) = find_child(&children, Rule::sandbox_body) {
    |                                                    ^^^^ use of undeclared type `Rule`
    |
help: there is an enum variant `crate::parser::Declaration::Rule`; try using the variant's enum
    |
597 -     if let Some(body_pair) = find_child(&children, Rule::sandbox_body) {
597 +     if let Some(body_pair) = find_child(&children, crate::parser::Declaration::sandbox_body) {
    |

error[E0433]: cannot find type `Rule` in this scope
   --> src/parser.rs:600:77
    |
600 |         if let Some(al_pair) = body_children.iter().find(|c| c.as_rule() == Rule::sandbox_allowed) {
    |                                                                             ^^^^ use of undeclared type `Rule`
    |
help: there is an enum variant `crate::parser::Declaration::Rule`; try using the variant's enum
    |
600 -         if let Some(al_pair) = body_children.iter().find(|c| c.as_rule() == Rule::sandbox_allowed) {
600 +         if let Some(al_pair) = body_children.iter().find(|c| c.as_rule() == crate::parser::Declaration::sandbox_allowed) {
    |

error[E0433]: cannot find type `Rule` in this scope
   --> src/parser.rs:602:79
    |
602 |             if let Some(il_pair) = al_children.iter().find(|c| c.as_rule() == Rule::ident_list) {
    |                                                                               ^^^^ use of undeclared type `Rule`
    |
help: there is an enum variant `crate::parser::Declaration::Rule`; try using the variant's enum
    |
602 -             if let Some(il_pair) = al_children.iter().find(|c| c.as_rule() == Rule::ident_list) {
602 +             if let Some(il_pair) = al_children.iter().find(|c| c.as_rule() == crate::parser::Declaration::ident_list) {
    |

error[E0433]: cannot find type `Rule` in this scope
   --> src/parser.rs:604:48
    |
604 |                     .filter(|c| c.as_rule() == Rule::IDENT)
    |                                                ^^^^ use of undeclared type `Rule`
    |
help: there is an enum variant `crate::parser::Declaration::Rule`; try using the variant's enum
    |
604 -                     .filter(|c| c.as_rule() == Rule::IDENT)
604 +                     .filter(|c| c.as_rule() == crate::parser::Declaration::IDENT)
    |

error[E0433]: cannot find type `Rule` in this scope
   --> src/parser.rs:610:77
    |
610 |         if let Some(fb_pair) = body_children.iter().find(|c| c.as_rule() == Rule::sandbox_forbidden) {
    |                                                                             ^^^^ use of undeclared type `Rule`
    |
help: there is an enum variant `crate::parser::Declaration::Rule`; try using the variant's enum
    |
610 -         if let Some(fb_pair) = body_children.iter().find(|c| c.as_rule() == Rule::sandbox_forbidden) {
610 +         if let Some(fb_pair) = body_children.iter().find(|c| c.as_rule() == crate::parser::Declaration::sandbox_forbidden) {
    |

error[E0433]: cannot find type `Rule` in this scope
   --> src/parser.rs:612:79
    |
612 |             if let Some(il_pair) = fb_children.iter().find(|c| c.as_rule() == Rule::ident_list) {
    |                                                                               ^^^^ use of undeclared type `Rule`
    |
help: there is an enum variant `crate::parser::Declaration::Rule`; try using the variant's enum
    |
612 -             if let Some(il_pair) = fb_children.iter().find(|c| c.as_rule() == Rule::ident_list) {
612 +             if let Some(il_pair) = fb_children.iter().find(|c| c.as_rule() == crate::parser::Declaration::ident_list) {
    |

error[E0433]: cannot find type `Rule` in this scope
   --> src/parser.rs:614:48
    |
614 |                     .filter(|c| c.as_rule() == Rule::IDENT)
    |                                                ^^^^ use of undeclared type `Rule`
    |
help: there is an enum variant `crate::parser::Declaration::Rule`; try using the variant's enum
    |
614 -                     .filter(|c| c.as_rule() == Rule::IDENT)
614 +                     .filter(|c| c.as_rule() == crate::parser::Declaration::IDENT)
    |

error[E0433]: cannot find type `Rule` in this scope
   --> src/parser.rs:620:77
    |
620 |         if let Some(to_pair) = body_children.iter().find(|c| c.as_rule() == Rule::sandbox_timeout) {
    |                                                                             ^^^^ use of undeclared type `Rule`
    |
help: there is an enum variant `crate::parser::Declaration::Rule`; try using the variant's enum
    |
620 -         if let Some(to_pair) = body_children.iter().find(|c| c.as_rule() == Rule::sandbox_timeout) {
620 +         if let Some(to_pair) = body_children.iter().find(|c| c.as_rule() == crate::parser::Declaration::sandbox_timeout) {
    |

error[E0433]: cannot find type `Rule` in this scope
   --> src/parser.rs:621:74
    |
621 |             if let Some(int_val) = find_child_str(&children_of(to_pair), Rule::INT) {
    |                                                                          ^^^^ use of undeclared type `Rule`
    |
help: there is an enum variant `crate::parser::Declaration::Rule`; try using the variant's enum
    |
621 -             if let Some(int_val) = find_child_str(&children_of(to_pair), Rule::INT) {
621 +             if let Some(int_val) = find_child_str(&children_of(to_pair), crate::parser::Declaration::INT) {
    |

error[E0433]: cannot find type `Rule` in this scope
   --> src/parser.rs:635:50
    |
635 |     let pattern_name = find_child_str(&children, Rule::IDENT).unwrap_or_default();
    |                                                  ^^^^ use of undeclared type `Rule`
    |
help: there is an enum variant `crate::parser::Declaration::Rule`; try using the variant's enum
    |
635 -     let pattern_name = find_child_str(&children, Rule::IDENT).unwrap_or_default();
635 +     let pattern_name = find_child_str(&children, crate::parser::Declaration::IDENT).unwrap_or_default();
    |

error[E0433]: cannot find type `Rule` in this scope
   --> src/parser.rs:641:52
    |
641 |     if let Some(body_pair) = find_child(&children, Rule::mutate_body) {
    |                                                    ^^^^ use of undeclared type `Rule`
    |
help: there is an enum variant `crate::parser::Declaration::Rule`; try using the variant's enum
    |
641 -     if let Some(body_pair) = find_child(&children, Rule::mutate_body) {
641 +     if let Some(body_pair) = find_child(&children, crate::parser::Declaration::mutate_body) {
    |

error[E0433]: cannot find type `Rule` in this scope
   --> src/parser.rs:644:71
    |
644 |         for ae_pair in body_children.iter().filter(|c| c.as_rule() == Rule::mutate_add_example) {
    |                                                                       ^^^^ use of undeclared type `Rule`
    |
help: there is an enum variant `crate::parser::Declaration::Rule`; try using the variant's enum
    |
644 -         for ae_pair in body_children.iter().filter(|c| c.as_rule() == Rule::mutate_add_example) {
644 +         for ae_pair in body_children.iter().filter(|c| c.as_rule() == crate::parser::Declaration::mutate_add_example) {
    |

error[E0433]: cannot find type `Rule` in this scope
   --> src/parser.rs:647:44
    |
647 |                 .filter(|c| c.as_rule() == Rule::expression)
    |                                            ^^^^ use of undeclared type `Rule`
    |
help: there is an enum variant `crate::parser::Declaration::Rule`; try using the variant's enum
    |
647 -                 .filter(|c| c.as_rule() == Rule::expression)
647 +                 .filter(|c| c.as_rule() == crate::parser::Declaration::expression)
    |

error[E0433]: cannot find type `Rule` in this scope
   --> src/parser.rs:655:77
    |
655 |         if let Some(rb_pair) = body_children.iter().find(|c| c.as_rule() == Rule::mutate_rollback) {
    |                                                                             ^^^^ use of undeclared type `Rule`
    |
help: there is an enum variant `crate::parser::Declaration::Rule`; try using the variant's enum
    |
655 -         if let Some(rb_pair) = body_children.iter().find(|c| c.as_rule() == Rule::mutate_rollback) {
655 +         if let Some(rb_pair) = body_children.iter().find(|c| c.as_rule() == crate::parser::Declaration::mutate_rollback) {
    |

error[E0433]: cannot find type `Rule` in this scope
   --> src/parser.rs:658:79
    |
658 |             if let Some(op_pair) = rb_children.iter().find(|c| c.as_rule() == Rule::compare_op) {
    |                                                                               ^^^^ use of undeclared type `Rule`
    |
help: there is an enum variant `crate::parser::Declaration::Rule`; try using the variant's enum
    |
658 -             if let Some(op_pair) = rb_children.iter().find(|c| c.as_rule() == Rule::compare_op) {
658 +             if let Some(op_pair) = rb_children.iter().find(|c| c.as_rule() == crate::parser::Declaration::compare_op) {
    |

error[E0433]: cannot find type `Rule` in this scope
   --> src/parser.rs:661:82
    |
661 |             if let Some(float_pair) = rb_children.iter().find(|c| c.as_rule() == Rule::FLOAT_LITERAL) {
    |                                                                                  ^^^^ use of undeclared type `Rule`
    |
help: there is an enum variant `crate::parser::Declaration::Rule`; try using the variant's enum
    |
661 -             if let Some(float_pair) = rb_children.iter().find(|c| c.as_rule() == Rule::FLOAT_LITERAL) {
661 +             if let Some(float_pair) = rb_children.iter().find(|c| c.as_rule() == crate::parser::Declaration::FLOAT_LITERAL) {
    |

error[E0433]: cannot find type `Rule` in this scope
   --> src/parser.rs:680:50
    |
680 |     let pattern_name = find_child_str(&children, Rule::IDENT).unwrap_or_default();
    |                                                  ^^^^ use of undeclared type `Rule`
    |
help: there is an enum variant `crate::parser::Declaration::Rule`; try using the variant's enum
    |
680 -     let pattern_name = find_child_str(&children, Rule::IDENT).unwrap_or_default();
680 +     let pattern_name = find_child_str(&children, crate::parser::Declaration::IDENT).unwrap_or_default();
    |

error[E0433]: cannot find type `Rule` in this scope
   --> src/parser.rs:686:52
    |
686 |     if let Some(body_pair) = find_child(&children, Rule::eval_body) {
    |                                                    ^^^^ use of undeclared type `Rule`
    |
help: there is an enum variant `crate::parser::Declaration::Rule`; try using the variant's enum
    |
686 -     if let Some(body_pair) = find_child(&children, Rule::eval_body) {
686 +     if let Some(body_pair) = find_child(&children, crate::parser::Declaration::eval_body) {
    |

error[E0433]: cannot find type `Rule` in this scope
   --> src/parser.rs:690:77
    |
690 |         if let Some(ds_pair) = body_children.iter().find(|c| c.as_rule() == Rule::eval_dataset) {
    |                                                                             ^^^^ use of undeclared type `Rule`
    |
help: there is an enum variant `crate::parser::Declaration::Rule`; try using the variant's enum
    |
690 -         if let Some(ds_pair) = body_children.iter().find(|c| c.as_rule() == Rule::eval_dataset) {
690 +         if let Some(ds_pair) = body_children.iter().find(|c| c.as_rule() == crate::parser::Declaration::eval_dataset) {
    |

error[E0433]: cannot find type `Rule` in this scope
   --> src/parser.rs:693:44
    |
693 |                 .filter(|c| c.as_rule() == Rule::eval_example)
    |                                            ^^^^ use of undeclared type `Rule`
    |
help: there is an enum variant `crate::parser::Declaration::Rule`; try using the variant's enum
    |
693 -                 .filter(|c| c.as_rule() == Rule::eval_example)
693 +                 .filter(|c| c.as_rule() == crate::parser::Declaration::eval_example)
    |

error[E0433]: cannot find type `Rule` in this scope
   --> src/parser.rs:697:48
    |
697 |                     .filter(|c| c.as_rule() == Rule::STRING_LITERAL)
    |                                                ^^^^ use of undeclared type `Rule`
    |
help: there is an enum variant `crate::parser::Declaration::Rule`; try using the variant's enum
    |
697 -                     .filter(|c| c.as_rule() == Rule::STRING_LITERAL)
697 +                     .filter(|c| c.as_rule() == crate::parser::Declaration::STRING_LITERAL)
    |

error[E0433]: cannot find type `Rule` in this scope
   --> src/parser.rs:714:76
    |
714 |         if let Some(m_pair) = body_children.iter().find(|c| c.as_rule() == Rule::eval_metric) {
    |                                                                            ^^^^ use of undeclared type `Rule`
    |
help: there is an enum variant `crate::parser::Declaration::Rule`; try using the variant's enum
    |
714 -         if let Some(m_pair) = body_children.iter().find(|c| c.as_rule() == Rule::eval_metric) {
714 +         if let Some(m_pair) = body_children.iter().find(|c| c.as_rule() == crate::parser::Declaration::eval_metric) {
    |

error[E0433]: cannot find type `Rule` in this scope
   --> src/parser.rs:716:50
    |
716 |             metric = find_child_str(&m_children, Rule::IDENT).unwrap_or_else(|| "accuracy".to_string());
    |                                                  ^^^^ use of undeclared type `Rule`
    |
help: there is an enum variant `crate::parser::Declaration::Rule`; try using the variant's enum
    |
716 -             metric = find_child_str(&m_children, Rule::IDENT).unwrap_or_else(|| "accuracy".to_string());
716 +             metric = find_child_str(&m_children, crate::parser::Declaration::IDENT).unwrap_or_else(|| "accuracy".to_string());
    |

error[E0433]: cannot find type `Rule` in this scope
   --> src/parser.rs:720:76
    |
720 |         if let Some(t_pair) = body_children.iter().find(|c| c.as_rule() == Rule::eval_threshold) {
    |                                                                            ^^^^ use of undeclared type `Rule`
    |
help: there is an enum variant `crate::parser::Declaration::Rule`; try using the variant's enum
    |
720 -         if let Some(t_pair) = body_children.iter().find(|c| c.as_rule() == Rule::eval_threshold) {
720 +         if let Some(t_pair) = body_children.iter().find(|c| c.as_rule() == crate::parser::Declaration::eval_threshold) {
    |

error[E0433]: cannot find type `Rule` in this scope
   --> src/parser.rs:722:53
    |
722 |             threshold = find_child_str(&t_children, Rule::FLOAT_LITERAL)
    |                                                     ^^^^ use of undeclared type `Rule`
    |
help: there is an enum variant `crate::parser::Declaration::Rule`; try using the variant's enum
    |
722 -             threshold = find_child_str(&t_children, Rule::FLOAT_LITERAL)
722 +             threshold = find_child_str(&t_children, crate::parser::Declaration::FLOAT_LITERAL)
    |

error[E0433]: cannot find type `Rule` in this scope
   --> src/parser.rs:741:39
    |
741 |     let value = find_child(&children, Rule::expression).unwrap();
    |                                       ^^^^ use of undeclared type `Rule`
    |
help: there is an enum variant `crate::parser::Declaration::Rule`; try using the variant's enum
    |
741 -     let value = find_child(&children, Rule::expression).unwrap();
741 +     let value = find_child(&children, crate::parser::Declaration::expression).unwrap();
    |

error[E0433]: cannot find type `Rule` in this scope
   --> src/parser.rs:744:42
    |
744 |     let priority = find_child(&children, Rule::FLOAT_LITERAL)
    |                                          ^^^^ use of undeclared type `Rule`
    |
help: there is an enum variant `crate::parser::Declaration::Rule`; try using the variant's enum
    |
744 -     let priority = find_child(&children, Rule::FLOAT_LITERAL)
744 +     let priority = find_child(&children, crate::parser::Declaration::FLOAT_LITERAL)
    |

error[E0433]: cannot find type `Rule` in this scope
   --> src/parser.rs:754:39
    |
754 |     let query = find_child(&children, Rule::expression).unwrap();
    |                                       ^^^^ use of undeclared type `Rule`
    |
help: there is an enum variant `crate::parser::Declaration::Rule`; try using the variant's enum
    |
754 -     let query = find_child(&children, Rule::expression).unwrap();
754 +     let query = find_child(&children, crate::parser::Declaration::expression).unwrap();
    |

error[E0433]: cannot find type `Rule` in this scope
   --> src/parser.rs:757:38
    |
757 |     let days = find_child(&children, Rule::INT)
    |                                      ^^^^ use of undeclared type `Rule`
    |
help: there is an enum variant `crate::parser::Declaration::Rule`; try using the variant's enum
    |
757 -     let days = find_child(&children, Rule::INT)
757 +     let days = find_child(&children, crate::parser::Declaration::INT)
    |

error[E0433]: cannot find type `Rule` in this scope
   --> src/parser.rs:769:42
    |
769 |     let name = find_child_str(&children, Rule::IDENT).unwrap_or_default();
    |                                          ^^^^ use of undeclared type `Rule`
    |
help: there is an enum variant `crate::parser::Declaration::Rule`; try using the variant's enum
    |
769 -     let name = find_child_str(&children, Rule::IDENT).unwrap_or_default();
769 +     let name = find_child_str(&children, crate::parser::Declaration::IDENT).unwrap_or_default();
    |

error[E0433]: cannot find type `Rule` in this scope
   --> src/parser.rs:770:40
    |
770 |     let params = find_child(&children, Rule::params)
    |                                        ^^^^ use of undeclared type `Rule`
    |
help: there is an enum variant `crate::parser::Declaration::Rule`; try using the variant's enum
    |
770 -     let params = find_child(&children, Rule::params)
770 +     let params = find_child(&children, crate::parser::Declaration::params)
    |

error[E0433]: cannot find type `Rule` in this scope
   --> src/parser.rs:773:49
    |
773 |     let return_type = find_child_str(&children, Rule::type_name).unwrap_or_default();
    |                                                 ^^^^ use of undeclared type `Rule`
    |
help: there is an enum variant `crate::parser::Declaration::Rule`; try using the variant's enum
    |
773 -     let return_type = find_child_str(&children, Rule::type_name).unwrap_or_default();
773 +     let return_type = find_child_str(&children, crate::parser::Declaration::type_name).unwrap_or_default();
    |

error[E0433]: cannot find type `Rule` in this scope
   --> src/parser.rs:784:52
    |
784 |     if let Some(body_pair) = find_child(&children, Rule::learnable_body) {
    |                                                    ^^^^ use of undeclared type `Rule`
    |
help: there is an enum variant `crate::parser::Declaration::Rule`; try using the variant's enum
    |
784 -     if let Some(body_pair) = find_child(&children, Rule::learnable_body) {
784 +     if let Some(body_pair) = find_child(&children, crate::parser::Declaration::learnable_body) {
    |

error[E0433]: cannot find type `Rule` in this scope
   --> src/parser.rs:788:77
    |
788 |         if let Some(pl_pair) = body_children.iter().find(|c| c.as_rule() == Rule::prompt_line) {
    |                                                                             ^^^^ use of undeclared type `Rule`
    |
help: there is an enum variant `crate::parser::Declaration::Rule`; try using the variant's enum
    |
788 -         if let Some(pl_pair) = body_children.iter().find(|c| c.as_rule() == Rule::prompt_line) {
788 +         if let Some(pl_pair) = body_children.iter().find(|c| c.as_rule() == crate::parser::Declaration::prompt_line) {
    |

error[E0433]: cannot find type `Rule` in this scope
   --> src/parser.rs:790:81
    |
790 |             if let Some(expr_pair) = pl_children.iter().find(|c| c.as_rule() == Rule::expression) {
    |                                                                                 ^^^^ use of undeclared type `Rule`
    |
help: there is an enum variant `crate::parser::Declaration::Rule`; try using the variant's enum
    |
790 -             if let Some(expr_pair) = pl_children.iter().find(|c| c.as_rule() == Rule::expression) {
790 +             if let Some(expr_pair) = pl_children.iter().find(|c| c.as_rule() == crate::parser::Declaration::expression) {
    |

error[E0433]: cannot find type `Rule` in this scope
   --> src/parser.rs:798:78
    |
798 |         if let Some(ctx_pair) = body_children.iter().find(|c| c.as_rule() == Rule::context_line) {
    |                                                                              ^^^^ use of undeclared type `Rule`
    |
help: there is an enum variant `crate::parser::Declaration::Rule`; try using the variant's enum
    |
798 -         if let Some(ctx_pair) = body_children.iter().find(|c| c.as_rule() == Rule::context_line) {
798 +         if let Some(ctx_pair) = body_children.iter().find(|c| c.as_rule() == crate::parser::Declaration::context_line) {
    |

error[E0433]: cannot find type `Rule` in this scope
   --> src/parser.rs:802:44
    |
802 |                 .filter(|c| c.as_rule() == Rule::expression)
    |                                            ^^^^ use of undeclared type `Rule`
    |
help: there is an enum variant `crate::parser::Declaration::Rule`; try using the variant's enum
    |
802 -                 .filter(|c| c.as_rule() == Rule::expression)
802 +                 .filter(|c| c.as_rule() == crate::parser::Declaration::expression)
    |

error[E0433]: cannot find type `Rule` in this scope
   --> src/parser.rs:818:76
    |
818 |         if let Some(m_pair) = body_children.iter().find(|c| c.as_rule() == Rule::model_line) {
    |                                                                            ^^^^ use of undeclared type `Rule`
    |
help: there is an enum variant `crate::parser::Declaration::Rule`; try using the variant's enum
    |
818 -         if let Some(m_pair) = body_children.iter().find(|c| c.as_rule() == Rule::model_line) {
818 +         if let Some(m_pair) = body_children.iter().find(|c| c.as_rule() == crate::parser::Declaration::model_line) {
    |

error[E0433]: cannot find type `Rule` in this scope
   --> src/parser.rs:820:80
    |
820 |             if let Some(expr_pair) = m_children.iter().find(|c| c.as_rule() == Rule::expression) {
    |                                                                                ^^^^ use of undeclared type `Rule`
    |
help: there is an enum variant `crate::parser::Declaration::Rule`; try using the variant's enum
    |
820 -             if let Some(expr_pair) = m_children.iter().find(|c| c.as_rule() == Rule::expression) {
820 +             if let Some(expr_pair) = m_children.iter().find(|c| c.as_rule() == crate::parser::Declaration::expression) {
    |

error[E0433]: cannot find type `Rule` in this scope
   --> src/parser.rs:828:77
    |
828 |         if let Some(mt_pair) = body_children.iter().find(|c| c.as_rule() == Rule::max_tokens_line) {
    |                                                                             ^^^^ use of undeclared type `Rule`
    |
help: there is an enum variant `crate::parser::Declaration::Rule`; try using the variant's enum
    |
828 -         if let Some(mt_pair) = body_children.iter().find(|c| c.as_rule() == Rule::max_tokens_line) {
828 +         if let Some(mt_pair) = body_children.iter().find(|c| c.as_rule() == crate::parser::Declaration::max_tokens_line) {
    |

error[E0433]: cannot find type `Rule` in this scope
   --> src/parser.rs:830:81
    |
830 |             if let Some(expr_pair) = mt_children.iter().find(|c| c.as_rule() == Rule::expression) {
    |                                                                                 ^^^^ use of undeclared type `Rule`
    |
help: there is an enum variant `crate::parser::Declaration::Rule`; try using the variant's enum
    |
830 -             if let Some(expr_pair) = mt_children.iter().find(|c| c.as_rule() == Rule::expression) {
830 +             if let Some(expr_pair) = mt_children.iter().find(|c| c.as_rule() == crate::parser::Declaration::expression) {
    |

error[E0433]: cannot find type `Rule` in this scope
   --> src/parser.rs:838:76
    |
838 |         if let Some(c_pair) = body_children.iter().find(|c| c.as_rule() == Rule::cache_line) {
    |                                                                            ^^^^ use of undeclared type `Rule`
    |
help: there is an enum variant `crate::parser::Declaration::Rule`; try using the variant's enum
    |
838 -         if let Some(c_pair) = body_children.iter().find(|c| c.as_rule() == Rule::cache_line) {
838 +         if let Some(c_pair) = body_children.iter().find(|c| c.as_rule() == crate::parser::Declaration::cache_line) {
    |

error[E0433]: cannot find type `Rule` in this scope
   --> src/parser.rs:849:78
    |
849 |         if let Some(ttl_pair) = body_children.iter().find(|c| c.as_rule() == Rule::cache_ttl_line) {
    |                                                                              ^^^^ use of undeclared type `Rule`
    |
help: there is an enum variant `crate::parser::Declaration::Rule`; try using the variant's enum
    |
849 -         if let Some(ttl_pair) = body_children.iter().find(|c| c.as_rule() == Rule::cache_ttl_line) {
849 +         if let Some(ttl_pair) = body_children.iter().find(|c| c.as_rule() == crate::parser::Declaration::cache_ttl_line) {
    |

error[E0433]: cannot find type `Rule` in this scope
   --> src/parser.rs:853:44
    |
853 |                 .filter(|c| c.as_rule() == Rule::expression)
    |                                            ^^^^ use of undeclared type `Rule`
    |
help: there is an enum variant `crate::parser::Declaration::Rule`; try using the variant's enum
    |
853 -                 .filter(|c| c.as_rule() == Rule::expression)
853 +                 .filter(|c| c.as_rule() == crate::parser::Declaration::expression)
    |

error[E0433]: cannot find type `Rule` in this scope
   --> src/parser.rs:857:44
    |
857 |                 .filter(|c| c.as_rule() == Rule::IDENT)
    |                                            ^^^^ use of undeclared type `Rule`
    |
help: there is an enum variant `crate::parser::Declaration::Rule`; try using the variant's enum
    |
857 -                 .filter(|c| c.as_rule() == Rule::IDENT)
857 +                 .filter(|c| c.as_rule() == crate::parser::Declaration::IDENT)
    |

error[E0614]: type `f64` cannot be dereferenced
   --> src/parser.rs:862:29
    |
862 |                 let n_val = *n as u64;
    |                             ^^ can't be dereferenced

error[E0433]: cannot find type `Rule` in this scope
   --> src/parser.rs:893:42
    |
893 |     let name = find_child_str(&children, Rule::IDENT).unwrap_or_default();
    |                                          ^^^^ use of undeclared type `Rule`
    |
help: there is an enum variant `crate::parser::Declaration::Rule`; try using the variant's enum
    |
893 -     let name = find_child_str(&children, Rule::IDENT).unwrap_or_default();
893 +     let name = find_child_str(&children, crate::parser::Declaration::IDENT).unwrap_or_default();
    |

error[E0433]: cannot find type `Rule` in this scope
   --> src/parser.rs:894:40
    |
894 |     let params = find_child(&children, Rule::params)
    |                                        ^^^^ use of undeclared type `Rule`
    |
help: there is an enum variant `crate::parser::Declaration::Rule`; try using the variant's enum
    |
894 -     let params = find_child(&children, Rule::params)
894 +     let params = find_child(&children, crate::parser::Declaration::params)
    |

error[E0433]: cannot find type `Rule` in this scope
   --> src/parser.rs:897:49
    |
897 |     let return_type = find_child_str(&children, Rule::type_name).unwrap_or_default();
    |                                                 ^^^^ use of undeclared type `Rule`
    |
help: there is an enum variant `crate::parser::Declaration::Rule`; try using the variant's enum
    |
897 -     let return_type = find_child_str(&children, Rule::type_name).unwrap_or_default();
897 +     let return_type = find_child_str(&children, crate::parser::Declaration::type_name).unwrap_or_default();
    |

error[E0433]: cannot find type `Rule` in this scope
   --> src/parser.rs:898:38
    |
898 |     let body = find_child(&children, Rule::pattern_body)
    |                                      ^^^^ use of undeclared type `Rule`
    |
help: there is an enum variant `crate::parser::Declaration::Rule`; try using the variant's enum
    |
898 -     let body = find_child(&children, Rule::pattern_body)
898 +     let body = find_child(&children, crate::parser::Declaration::pattern_body)
    |

error[E0433]: cannot find type `Rule` in this scope
   --> src/parser.rs:906:36
    |
906 |         .filter(|p| p.as_rule() == Rule::param)
    |                                    ^^^^ use of undeclared type `Rule`
    |
help: there is an enum variant `crate::parser::Declaration::Rule`; try using the variant's enum
    |
906 -         .filter(|p| p.as_rule() == Rule::param)
906 +         .filter(|p| p.as_rule() == crate::parser::Declaration::param)
    |

error[E0433]: cannot find type `Rule` in this scope
   --> src/parser.rs:910:49
    |
910 |                 name: find_child_str(&children, Rule::IDENT).unwrap_or_default(),
    |                                                 ^^^^ use of undeclared type `Rule`
    |
help: there is an enum variant `crate::parser::Declaration::Rule`; try using the variant's enum
    |
910 -                 name: find_child_str(&children, Rule::IDENT).unwrap_or_default(),
910 +                 name: find_child_str(&children, crate::parser::Declaration::IDENT).unwrap_or_default(),
    |

error[E0433]: cannot find type `Rule` in this scope
   --> src/parser.rs:911:54
    |
911 |                 type_name: find_child_str(&children, Rule::type_name).unwrap_or_default(),
    |                                                      ^^^^ use of undeclared type `Rule`
    |
help: there is an enum variant `crate::parser::Declaration::Rule`; try using the variant's enum
    |
911 -                 type_name: find_child_str(&children, Rule::type_name).unwrap_or_default(),
911 +                 type_name: find_child_str(&children, crate::parser::Declaration::type_name).unwrap_or_default(),
    |

error[E0433]: cannot find type `Rule` in this scope
   --> src/parser.rs:919:36
    |
919 |         .filter(|s| s.as_rule() == Rule::statement)
    |                                    ^^^^ use of undeclared type `Rule`
    |
help: there is an enum variant `crate::parser::Declaration::Rule`; try using the variant's enum
    |
919 -         .filter(|s| s.as_rule() == Rule::statement)
919 +         .filter(|s| s.as_rule() == crate::parser::Declaration::statement)
    |

error[E0433]: cannot find type `Rule` in this scope
   --> src/parser.rs:928:68
    |
928 |     if let Some(ib_pair) = children.iter().find(|c| c.as_rule() == Rule::if_block_stmt) {
    |                                                                    ^^^^ use of undeclared type `Rule`
    |
help: there is an enum variant `crate::parser::Declaration::Rule`; try using the variant's enum
    |
928 -     if let Some(ib_pair) = children.iter().find(|c| c.as_rule() == Rule::if_block_stmt) {
928 +     if let Some(ib_pair) = children.iter().find(|c| c.as_rule() == crate::parser::Declaration::if_block_stmt) {
    |

error[E0433]: cannot find type `Rule` in this scope
   --> src/parser.rs:930:77
    |
930 |     } else if let Some(each_pair) = children.iter().find(|c| c.as_rule() == Rule::each_stmt) {
    |                                                                             ^^^^ use of undeclared type `Rule`
    |
help: there is an enum variant `crate::parser::Declaration::Rule`; try using the variant's enum
    |
930 -     } else if let Some(each_pair) = children.iter().find(|c| c.as_rule() == Rule::each_stmt) {
930 +     } else if let Some(each_pair) = children.iter().find(|c| c.as_rule() == crate::parser::Declaration::each_stmt) {
    |

error[E0433]: cannot find type `Rule` in this scope
   --> src/parser.rs:936:40
    |
936 |             .filter(|c| c.as_rule() == Rule::statement)
    |                                        ^^^^ use of undeclared type `Rule`
    |
help: there is an enum variant `crate::parser::Declaration::Rule`; try using the variant's enum
    |
936 -             .filter(|c| c.as_rule() == Rule::statement)
936 +             .filter(|c| c.as_rule() == crate::parser::Declaration::statement)
    |

error[E0433]: cannot find type `Rule` in this scope
   --> src/parser.rs:940:78
    |
940 |     } else if let Some(while_pair) = children.iter().find(|c| c.as_rule() == Rule::while_stmt) {
    |                                                                              ^^^^ use of undeclared type `Rule`
    |
help: there is an enum variant `crate::parser::Declaration::Rule`; try using the variant's enum
    |
940 -     } else if let Some(while_pair) = children.iter().find(|c| c.as_rule() == Rule::while_stmt) {
940 +     } else if let Some(while_pair) = children.iter().find(|c| c.as_rule() == crate::parser::Declaration::while_stmt) {
    |

error[E0433]: cannot find type `Rule` in this scope
   --> src/parser.rs:945:40
    |
945 |             .filter(|c| c.as_rule() == Rule::statement)
    |                                        ^^^^ use of undeclared type `Rule`
    |
help: there is an enum variant `crate::parser::Declaration::Rule`; try using the variant's enum
    |
945 -             .filter(|c| c.as_rule() == Rule::statement)
945 +             .filter(|c| c.as_rule() == crate::parser::Declaration::statement)
    |

error[E0433]: cannot find type `Rule` in this scope
   --> src/parser.rs:949:75
    |
949 |     } else if let Some(lb_pair) = children.iter().find(|c| c.as_rule() == Rule::let_binding) {
    |                                                                           ^^^^ use of undeclared type `Rule`
    |
help: there is an enum variant `crate::parser::Declaration::Rule`; try using the variant's enum
    |
949 -     } else if let Some(lb_pair) = children.iter().find(|c| c.as_rule() == Rule::let_binding) {
949 +     } else if let Some(lb_pair) = children.iter().find(|c| c.as_rule() == crate::parser::Declaration::let_binding) {
    |

error[E0433]: cannot find type `Rule` in this scope
   --> src/parser.rs:951:49
    |
951 |         let name = find_child_str(&lb_children, Rule::IDENT).unwrap_or_default();
    |                                                 ^^^^ use of undeclared type `Rule`
    |
help: there is an enum variant `crate::parser::Declaration::Rule`; try using the variant's enum
    |
951 -         let name = find_child_str(&lb_children, Rule::IDENT).unwrap_or_default();
951 +         let name = find_child_str(&lb_children, crate::parser::Declaration::IDENT).unwrap_or_default();
    |

error[E0433]: cannot find type `Rule` in this scope
   --> src/parser.rs:952:45
    |
952 |         let expr = find_child(&lb_children, Rule::expression).unwrap();
    |                                             ^^^^ use of undeclared type `Rule`
    |
help: there is an enum variant `crate::parser::Declaration::Rule`; try using the variant's enum
    |
952 -         let expr = find_child(&lb_children, Rule::expression).unwrap();
952 +         let expr = find_child(&lb_children, crate::parser::Declaration::expression).unwrap();
    |

error[E0433]: cannot find type `Rule` in this scope
   --> src/parser.rs:954:75
    |
954 |     } else if let Some(as_pair) = children.iter().find(|c| c.as_rule() == Rule::assign_stmt) {
    |                                                                           ^^^^ use of undeclared type `Rule`
    |
help: there is an enum variant `crate::parser::Declaration::Rule`; try using the variant's enum
    |
954 -     } else if let Some(as_pair) = children.iter().find(|c| c.as_rule() == Rule::assign_stmt) {
954 +     } else if let Some(as_pair) = children.iter().find(|c| c.as_rule() == crate::parser::Declaration::assign_stmt) {
    |

error[E0433]: cannot find type `Rule` in this scope
   --> src/parser.rs:957:49
    |
957 |         let name = find_child_str(&as_children, Rule::IDENT).unwrap_or_default();
    |                                                 ^^^^ use of undeclared type `Rule`
    |
help: there is an enum variant `crate::parser::Declaration::Rule`; try using the variant's enum
    |
957 -         let name = find_child_str(&as_children, Rule::IDENT).unwrap_or_default();
957 +         let name = find_child_str(&as_children, crate::parser::Declaration::IDENT).unwrap_or_default();
    |

error[E0433]: cannot find type `Rule` in this scope
   --> src/parser.rs:958:45
    |
958 |         let expr = find_child(&as_children, Rule::expression).unwrap();
    |                                             ^^^^ use of undeclared type `Rule`
    |
help: there is an enum variant `crate::parser::Declaration::Rule`; try using the variant's enum
    |
958 -         let expr = find_child(&as_children, Rule::expression).unwrap();
958 +         let expr = find_child(&as_children, crate::parser::Declaration::expression).unwrap();
    |

error[E0433]: cannot find type `Rule` in this scope
   --> src/parser.rs:960:75
    |
960 |     } else if let Some(rs_pair) = children.iter().find(|c| c.as_rule() == Rule::return_stmt) {
    |                                                                           ^^^^ use of undeclared type `Rule`
    |
help: there is an enum variant `crate::parser::Declaration::Rule`; try using the variant's enum
    |
960 -     } else if let Some(rs_pair) = children.iter().find(|c| c.as_rule() == Rule::return_stmt) {
960 +     } else if let Some(rs_pair) = children.iter().find(|c| c.as_rule() == crate::parser::Declaration::return_stmt) {
    |

error[E0433]: cannot find type `Rule` in this scope
   --> src/parser.rs:962:45
    |
962 |         let expr = find_child(&rs_children, Rule::expression).unwrap();
    |                                             ^^^^ use of undeclared type `Rule`
    |
help: there is an enum variant `crate::parser::Declaration::Rule`; try using the variant's enum
    |
962 -         let expr = find_child(&rs_children, Rule::expression).unwrap();
962 +         let expr = find_child(&rs_children, crate::parser::Declaration::expression).unwrap();
    |

error[E0433]: cannot find type `Rule` in this scope
   --> src/parser.rs:964:75
    |
964 |     } else if let Some(it_pair) = children.iter().find(|c| c.as_rule() == Rule::if_then_stmt) {
    |                                                                           ^^^^ use of undeclared type `Rule`
    |
help: there is an enum variant `crate::parser::Declaration::Rule`; try using the variant's enum
    |
964 -     } else if let Some(it_pair) = children.iter().find(|c| c.as_rule() == Rule::if_then_stmt) {
964 +     } else if let Some(it_pair) = children.iter().find(|c| c.as_rule() == crate::parser::Declaration::if_then_stmt) {
    |

error[E0433]: cannot find type `Rule` in this scope
   --> src/parser.rs:967:85
    |
967 |         let condition = parse_expression(it_children.iter().find(|c| c.as_rule() == Rule::expression).cloned().unwrap());
    |                                                                                     ^^^^ use of undeclared type `Rule`
    |
help: there is an enum variant `crate::parser::Declaration::Rule`; try using the variant's enum
    |
967 -         let condition = parse_expression(it_children.iter().find(|c| c.as_rule() == Rule::expression).cloned().unwrap());
967 +         let condition = parse_expression(it_children.iter().find(|c| c.as_rule() == crate::parser::Declaration::expression).cloned().unwrap());
    |

error[E0433]: cannot find type `Rule` in this scope
   --> src/parser.rs:969:40
    |
969 |             .filter(|c| c.as_rule() == Rule::statement)
    |                                        ^^^^ use of undeclared type `Rule`
    |
help: there is an enum variant `crate::parser::Declaration::Rule`; try using the variant's enum
    |
969 -             .filter(|c| c.as_rule() == Rule::statement)
969 +             .filter(|c| c.as_rule() == crate::parser::Declaration::statement)
    |

error[E0433]: cannot find type `Rule` in this scope
   --> src/parser.rs:973:69
    |
973 |     } else if let Some(_) = children.iter().find(|c| c.as_rule() == Rule::expr_stmt) {
    |                                                                     ^^^^ use of undeclared type `Rule`
    |
help: there is an enum variant `crate::parser::Declaration::Rule`; try using the variant's enum
    |
973 -     } else if let Some(_) = children.iter().find(|c| c.as_rule() == Rule::expr_stmt) {
973 +     } else if let Some(_) = children.iter().find(|c| c.as_rule() == crate::parser::Declaration::expr_stmt) {
    |

error[E0433]: cannot find type `Rule` in this scope
   --> src/parser.rs:975:42
    |
975 |         let expr = find_child(&children, Rule::expression).unwrap();
    |                                          ^^^^ use of undeclared type `Rule`
    |
help: there is an enum variant `crate::parser::Declaration::Rule`; try using the variant's enum
    |
975 -         let expr = find_child(&children, Rule::expression).unwrap();
975 +         let expr = find_child(&children, crate::parser::Declaration::expression).unwrap();
    |

error[E0433]: cannot find type `Rule` in this scope
   --> src/parser.rs:979:42
    |
979 |         let expr = find_child(&children, Rule::expression).unwrap();
    |                                          ^^^^ use of undeclared type `Rule`
    |
help: there is an enum variant `crate::parser::Declaration::Rule`; try using the variant's enum
    |
979 -         let expr = find_child(&children, Rule::expression).unwrap();
979 +         let expr = find_child(&children, crate::parser::Declaration::expression).unwrap();
    |

error[E0433]: cannot find type `Rule` in this scope
   --> src/parser.rs:993:34
    |
993 |         .find(|c| c.as_rule() == Rule::expression)
    |                                  ^^^^ use of undeclared type `Rule`
    |
help: there is an enum variant `crate::parser::Declaration::Rule`; try using the variant's enum
    |
993 -         .find(|c| c.as_rule() == Rule::expression)
993 +         .find(|c| c.as_rule() == crate::parser::Declaration::expression)
    |

error[E0433]: cannot find type `Rule` in this scope
    --> src/parser.rs:1027:46
     |
1027 |                     .find(|c| c.as_rule() == Rule::expression)
     |                                              ^^^^ use of undeclared type `Rule`
     |
help: there is an enum variant `crate::parser::Declaration::Rule`; try using the variant's enum
     |
1027 -                     .find(|c| c.as_rule() == Rule::expression)
1027 +                     .find(|c| c.as_rule() == crate::parser::Declaration::expression)
     |

error[E0433]: cannot find type `Rule` in this scope
    --> src/parser.rs:1031:48
     |
1031 |                     .filter(|c| c.as_rule() == Rule::statement)
     |                                                ^^^^ use of undeclared type `Rule`
     |
help: there is an enum variant `crate::parser::Declaration::Rule`; try using the variant's enum
     |
1031 -                     .filter(|c| c.as_rule() == Rule::statement)
1031 +                     .filter(|c| c.as_rule() == crate::parser::Declaration::statement)
     |

error[E0433]: cannot find type `Rule` in this scope
    --> src/parser.rs:1056:42
     |
1056 |     let name = find_child_str(&children, Rule::IDENT).unwrap_or_default();
     |                                          ^^^^ use of undeclared type `Rule`
     |
help: there is an enum variant `crate::parser::Declaration::Rule`; try using the variant's enum
     |
1056 -     let name = find_child_str(&children, Rule::IDENT).unwrap_or_default();
1056 +     let name = find_child_str(&children, crate::parser::Declaration::IDENT).unwrap_or_default();
     |

error[E0433]: cannot find type `Rule` in this scope
    --> src/parser.rs:1059:47
     |
1059 |     let pipeline_pair = find_child(&children, Rule::flow_pipeline).unwrap();
     |                                               ^^^^ use of undeclared type `Rule`
     |
help: there is an enum variant `crate::parser::Declaration::Rule`; try using the variant's enum
     |
1059 -     let pipeline_pair = find_child(&children, Rule::flow_pipeline).unwrap();
1059 +     let pipeline_pair = find_child(&children, crate::parser::Declaration::flow_pipeline).unwrap();
     |

error[E0433]: cannot find type `Rule` in this scope
    --> src/parser.rs:1069:73
     |
1069 |     if i < pipeline_children.len() && pipeline_children[i].as_rule() == Rule::type_name {
     |                                                                         ^^^^ use of undeclared type `Rule`
     |
help: there is an enum variant `crate::parser::Declaration::Rule`; try using the variant's enum
     |
1069 -     if i < pipeline_children.len() && pipeline_children[i].as_rule() == Rule::type_name {
1069 +     if i < pipeline_children.len() && pipeline_children[i].as_rule() == crate::parser::Declaration::type_name {
     |

error[E0433]: cannot find type `Rule` in this scope
    --> src/parser.rs:1075:73
     |
1075 |     if i < pipeline_children.len() && pipeline_children[i].as_rule() == Rule::expression {
     |                                                                         ^^^^ use of undeclared type `Rule`
     |
help: there is an enum variant `crate::parser::Declaration::Rule`; try using the variant's enum
     |
1075 -     if i < pipeline_children.len() && pipeline_children[i].as_rule() == Rule::expression {
1075 +     if i < pipeline_children.len() && pipeline_children[i].as_rule() == crate::parser::Declaration::expression {
     |

error[E0433]: cannot find type `Rule` in this scope
    --> src/parser.rs:1081:46
     |
1081 |         if pipeline_children[i].as_rule() == Rule::ARROW {
     |                                              ^^^^ use of undeclared type `Rule`
     |
help: there is an enum variant `crate::parser::Declaration::Rule`; try using the variant's enum
     |
1081 -         if pipeline_children[i].as_rule() == Rule::ARROW {
1081 +         if pipeline_children[i].as_rule() == crate::parser::Declaration::ARROW {
     |

error[E0433]: cannot find type `Rule` in this scope
    --> src/parser.rs:1083:81
     |
1083 |             if i < pipeline_children.len() && pipeline_children[i].as_rule() == Rule::step_ident {
     |                                                                                 ^^^^ use of undeclared type `Rule`
     |
help: there is an enum variant `crate::parser::Declaration::Rule`; try using the variant's enum
     |
1083 -             if i < pipeline_children.len() && pipeline_children[i].as_rule() == Rule::step_ident {
1083 +             if i < pipeline_children.len() && pipeline_children[i].as_rule() == crate::parser::Declaration::step_ident {
     |

error[E0433]: cannot find type `Rule` in this scope
    --> src/parser.rs:1095:31
     |
1095 |         if child.as_rule() == Rule::branch_def {
     |                               ^^^^ use of undeclared type `Rule`
     |
help: there is an enum variant `crate::parser::Declaration::Rule`; try using the variant's enum
     |
1095 -         if child.as_rule() == Rule::branch_def {
1095 +         if child.as_rule() == crate::parser::Declaration::branch_def {
     |

error[E0433]: cannot find type `Rule` in this scope
    --> src/parser.rs:1099:44
     |
1099 |                 .filter(|c| c.as_rule() == Rule::branch)
     |                                            ^^^^ use of undeclared type `Rule`
     |
help: there is an enum variant `crate::parser::Declaration::Rule`; try using the variant's enum
     |
1099 -                 .filter(|c| c.as_rule() == Rule::branch)
1099 +                 .filter(|c| c.as_rule() == crate::parser::Declaration::branch)
     |

error[E0433]: cannot find type `Rule` in this scope
    --> src/parser.rs:1119:43
     |
1119 |     let cond_pair = find_child(&children, Rule::branch_condition).unwrap();
     |                                           ^^^^ use of undeclared type `Rule`
     |
help: there is an enum variant `crate::parser::Declaration::Rule`; try using the variant's enum
     |
1119 -     let cond_pair = find_child(&children, Rule::branch_condition).unwrap();
1119 +     let cond_pair = find_child(&children, crate::parser::Declaration::branch_condition).unwrap();
     |

error[E0433]: cannot find type `Rule` in this scope
    --> src/parser.rs:1170:45
     |
1170 |                 if children[i].as_rule() == Rule::binop {
     |                                             ^^^^ use of undeclared type `Rule`
     |
help: there is an enum variant `crate::parser::Declaration::Rule`; try using the variant's enum
     |
1170 -                 if children[i].as_rule() == Rule::binop {
1170 +                 if children[i].as_rule() == crate::parser::Declaration::binop {
     |

error[E0433]: cannot find type `Rule` in this scope
    --> src/parser.rs:1190:44
     |
1190 |                 .filter(|c| c.as_rule() == Rule::expression)
     |                                            ^^^^ use of undeclared type `Rule`
     |
help: there is an enum variant `crate::parser::Declaration::Rule`; try using the variant's enum
     |
1190 -                 .filter(|c| c.as_rule() == Rule::expression)
1190 +                 .filter(|c| c.as_rule() == crate::parser::Declaration::expression)
     |

error[E0433]: cannot find type `Rule` in this scope
    --> src/parser.rs:1209:75
     |
1209 |                 if let Some(ident) = inner.iter().find(|c| c.as_rule() == Rule::IDENT) {
     |                                                                           ^^^^ use of undeclared type `Rule`
     |
help: there is an enum variant `crate::parser::Declaration::Rule`; try using the variant's enum
     |
1209 -                 if let Some(ident) = inner.iter().find(|c| c.as_rule() == Rule::IDENT) {
1209 +                 if let Some(ident) = inner.iter().find(|c| c.as_rule() == crate::parser::Declaration::IDENT) {
     |

error[E0433]: cannot find type `Rule` in this scope
    --> src/parser.rs:1211:86
     |
1211 |                 } else if let Some(expr_pair) = inner.iter().find(|c| c.as_rule() == Rule::expression) {
     |                                                                                      ^^^^ use of undeclared type `Rule`
     |
help: there is an enum variant `crate::parser::Declaration::Rule`; try using the variant's enum
     |
1211 -                 } else if let Some(expr_pair) = inner.iter().find(|c| c.as_rule() == Rule::expression) {
1211 +                 } else if let Some(expr_pair) = inner.iter().find(|c| c.as_rule() == crate::parser::Declaration::expression) {
     |

error[E0433]: cannot find type `Rule` in this scope
    --> src/parser.rs:1231:44
     |
1231 |                 .filter(|c| c.as_rule() == Rule::IDENT)
     |                                            ^^^^ use of undeclared type `Rule`
     |
help: there is an enum variant `crate::parser::Declaration::Rule`; try using the variant's enum
     |
1231 -                 .filter(|c| c.as_rule() == Rule::IDENT)
1231 +                 .filter(|c| c.as_rule() == crate::parser::Declaration::IDENT)
     |

error[E0433]: cannot find type `Rule` in this scope
    --> src/parser.rs:1238:39
     |
1238 |                 if child.as_rule() == Rule::expression_list {
     |                                       ^^^^ use of undeclared type `Rule`
     |
help: there is an enum variant `crate::parser::Declaration::Rule`; try using the variant's enum
     |
1238 -                 if child.as_rule() == Rule::expression_list {
1238 +                 if child.as_rule() == crate::parser::Declaration::expression_list {
     |

error[E0433]: cannot find type `Rule` in this scope
    --> src/parser.rs:1240:44
     |
1240 |                         if ap.as_rule() == Rule::expression {
     |                                            ^^^^ use of undeclared type `Rule`
     |
help: there is an enum variant `crate::parser::Declaration::Rule`; try using the variant's enum
     |
1240 -                         if ap.as_rule() == Rule::expression {
1240 +                         if ap.as_rule() == crate::parser::Declaration::expression {
     |

error[E0433]: cannot find type `Rule` in this scope
    --> src/parser.rs:1261:48
     |
1261 | ...                   if ap.as_rule() == Rule::expression {
     |                                          ^^^^ use of undeclared type `Rule`
     |
help: there is an enum variant `crate::parser::Declaration::Rule`; try using the variant's enum
     |
1261 -                             if ap.as_rule() == Rule::expression {
1261 +                             if ap.as_rule() == crate::parser::Declaration::expression {
     |

error[E0433]: cannot find type `Rule` in this scope
    --> src/parser.rs:1296:63
     |
1296 | ...                   if expr_pair.as_rule() == Rule::expression {
     |                                                 ^^^^ use of undeclared type `Rule`
     |
help: there is an enum variant `crate::parser::Declaration::Rule`; try using the variant's enum
     |
1296 -                                     if expr_pair.as_rule() == Rule::expression {
1296 +                                     if expr_pair.as_rule() == crate::parser::Declaration::expression {
     |

error[E0505]: cannot move out of `conn` because it is borrowed
    --> src/builtins.rs:1101:26
     |
1076 |     let conn = rusqlite::Connection::open(db_path)
     |         ---- binding `conn` declared here
...
1083 |     let mut stmt = conn.prepare("SELECT key, value FROM kv_store")
     |                    ---- borrow of `conn` occurs here
...
1101 |     *sqlite_guard = Some(conn);
     |                          ^^^^ move out of `conn` occurs here
...
1104 | }
     | - borrow might be used here, when `stmt` is dropped and runs the `Drop` code for type `rusqlite::Statement`

warning: variable does not need to be mutable
    --> src/builtins.rs:1117:15
     |
1117 |     if let Ok(mut sqlite_guard) = kv_sqlite().lock() {
     |               ----^^^^^^^^^^^^
     |               |
     |               help: remove this `mut`
     |
     = note: `#[warn(unused_mut)]` (part of `#[warn(unused)]`) on by default

warning: variable does not need to be mutable
    --> src/builtins.rs:1141:15
     |
1141 |     if let Ok(mut sqlite_guard) = kv_sqlite().lock() {
     |               ----^^^^^^^^^^^^
     |               |
     |               help: remove this `mut`

warning: variable does not need to be mutable
    --> src/builtins.rs:1181:15
     |
1181 |     if let Ok(mut sqlite_guard) = kv_sqlite().lock() {
     |               ----^^^^^^^^^^^^
     |               |
     |               help: remove this `mut`

warning: variable does not need to be mutable
    --> src/builtins.rs:1206:15
     |
1206 |     if let Ok(mut sqlite_guard) = kv_sqlite().lock() {
     |               ----^^^^^^^^^^^^
     |               |
     |               help: remove this `mut`

error[E0004]: non-exhaustive patterns: `&ast::Declaration::Hook(_)` and `&ast::Declaration::Eval(_)` not covered
   --> src/compiler.rs:173:19
    |
173 |             match decl {
    |                   ^^^^ patterns `&ast::Declaration::Hook(_)` and `&ast::Declaration::Eval(_)` not covered
    |
note: `ast::Declaration` defined here
   --> src/ast.rs:7:10
    |
  7 | pub enum Declaration {
    |          ^^^^^^^^^^^
...
 39 |     Hook(HookDecl),
    |     ---- not covered
...
 44 |     Eval(EvalDecl),
    |     ---- not covered
    = note: the matched value is of type `&ast::Declaration`
help: ensure that all possible cases are being handled by adding a match arm with a wildcard pattern, a match arm with multiple or-patterns as shown, or multiple match arms
    |
339 ~                 },
340 +                 &ast::Declaration::Hook(_) | &ast::Declaration::Eval(_) => todo!()
    |

error[E0004]: non-exhaustive patterns: `ast::CompareOp::Ne` not covered
   --> src/compiler.rs:283:68
    |
283 |                     let rollback_op = m.rollback_op.map(|op| match op {
    |                                                                    ^^ pattern `ast::CompareOp::Ne` not covered
    |
note: `ast::CompareOp` defined here
   --> src/ast.rs:172:10
    |
172 | pub enum CompareOp {
    |          ^^^^^^^^^
...
178 |     Ne,
    |     -- not covered
    = note: the matched value is of type `ast::CompareOp`
help: ensure that all possible cases are being handled by adding a match arm with a wildcard pattern or an explicit pattern as shown
    |
288 ~                         AstCompareOp::Eq => ConditionOp::Eq,
289 ~                         ast::CompareOp::Ne => todo!(),
    |

error[E0004]: non-exhaustive patterns: `ast::CompareOp::Ne` not covered
   --> src/compiler.rs:308:48
    |
308 | ...                   let op = match b.condition.op {
    |                                      ^^^^^^^^^^^^^^ pattern `ast::CompareOp::Ne` not covered
    |
note: `ast::CompareOp` defined here
   --> src/ast.rs:172:10
    |
172 | pub enum CompareOp {
    |          ^^^^^^^^^
...
178 |     Ne,
    |     -- not covered
    = note: the matched value is of type `ast::CompareOp`
help: ensure that all possible cases are being handled by adding a match arm with a wildcard pattern or an explicit pattern as shown
    |
313 ~                                     AstCompareOp::Eq => ConditionOp::Eq,
314 ~                                     ast::CompareOp::Ne => todo!(),
    |

error[E0004]: non-exhaustive patterns: `&ast::Expr::IndexAccess(_, _)` not covered
   --> src/compiler.rs:354:15
    |
354 |         match expr {
    |               ^^^^ pattern `&ast::Expr::IndexAccess(_, _)` not covered
    |
note: `ast::Expr` defined here
   --> src/ast.rs:409:10
    |
409 | pub enum Expr {
    |          ^^^^
...
422 |     IndexAccess(Box<Expr>, Box<Expr>),
    |     ----------- not covered
    = note: the matched value is of type `&ast::Expr`
help: ensure that all possible cases are being handled by adding a match arm with a wildcard pattern or an explicit pattern as shown
    |
448 ~             },
449 +             &ast::Expr::IndexAccess(_, _) => todo!()
    |

error[E0004]: non-exhaustive patterns: `&ast::CompareOp::Ne` not covered
   --> src/compiler.rs:515:31
    |
515 |                     op: match op {
    |                               ^^ pattern `&ast::CompareOp::Ne` not covered
    |
note: `ast::CompareOp` defined here
   --> src/ast.rs:172:10
    |
172 | pub enum CompareOp {
    |          ^^^^^^^^^
...
178 |     Ne,
    |     -- not covered
    = note: the matched value is of type `&ast::CompareOp`
help: ensure that all possible cases are being handled by adding a match arm with a wildcard pattern or an explicit pattern as shown
    |
520 ~                         AstCompareOp::Eq => ConditionOp::Eq,
521 ~                         &ast::CompareOp::Ne => todo!(),
    |

error[E0004]: non-exhaustive patterns: `&ast::CompareOp::Ne` not covered
    --> src/interpreter.rs:1207:26
     |
1207 |                 Ok(match op {
     |                          ^^ pattern `&ast::CompareOp::Ne` not covered
     |
note: `ast::CompareOp` defined here
    --> src/ast.rs:172:10
     |
 172 | pub enum CompareOp {
     |          ^^^^^^^^^
...
 178 |     Ne,
     |     -- not covered
     = note: the matched value is of type `&ast::CompareOp`
help: ensure that all possible cases are being handled by adding a match arm with a wildcard pattern or an explicit pattern as shown
     |
1212 ~                     CompareOp::Eq => lf == rf,
1213 ~                     &ast::CompareOp::Ne => todo!(),
     |

error[E0004]: non-exhaustive patterns: `ast::CompareOp::Ne` not covered
    --> src/interpreter.rs:1260:18
     |
1260 |         Ok(match cond.op {
     |                  ^^^^^^^ pattern `ast::CompareOp::Ne` not covered
     |
note: `ast::CompareOp` defined here
    --> src/ast.rs:172:10
     |
 172 | pub enum CompareOp {
     |          ^^^^^^^^^
...
 178 |     Ne,
     |     -- not covered
     = note: the matched value is of type `ast::CompareOp`
help: ensure that all possible cases are being handled by adding a match arm with a wildcard pattern or an explicit pattern as shown
     |
1265 ~             CompareOp::Eq => fv == tv,
1266 ~             ast::CompareOp::Ne => todo!(),
     |

error[E0502]: cannot borrow `*self` as mutable because it is also borrowed as immutable
    --> src/interpreter.rs:1286:20
     |
1286 |               return self.invoke_pattern_with_hooks(name, &collapsed_args, || {
     |                      ^    -------------------------                        -- immutable borrow occurs here
     |                      |    |
     |  ____________________|    immutable borrow later used by call
     | |
1287 | |                 self.invoke_learnable_with_env(name, &learnable, &collapsed_args)
     | |                 ---- first borrow occurs due to use of `*self` in closure
1288 | |             });
     | |______________^ mutable borrow occurs here

error[E0502]: cannot borrow `*self` as mutable because it is also borrowed as immutable
    --> src/interpreter.rs:1328:9
     |
1328 |           self.invoke_pattern_with_hooks(name, &args, || {
     |           ^    -------------------------              -- immutable borrow occurs here
     |           |    |
     |  _________|    immutable borrow later used by call
     | |
1329 | |             self.eval_statements(&pattern.body, &mut local_env)
     | |             ---- first borrow occurs due to use of `*self` in closure
1330 | |         })
     | |__________^ mutable borrow occurs here

error[E0382]: borrow of moved value: `entry`
    --> src/interpreter.rs:1548:48
     |
1540 |             let entry = LlmCacheEntry {
     |                 ----- move occurs because `entry` has type `LlmCacheEntry`, which does not implement the `Copy` trait
...
1546 |             cache.insert(cache_key, entry);
     |                                     ----- value moved here
1547 |             // If persist is enabled, also write to SQLite
1548 |             self.llm_cache_persist(&cache_key, &entry);
     |                                                ^^^^^^ value borrowed here after move
     |
help: consider cloning the value if the performance cost is acceptable
     |
1546 |             cache.insert(cache_key, entry.clone());
     |                                          ++++++++

error[E0004]: non-exhaustive patterns: `&ast::CompareOp::Ne` not covered
    --> src/interpreter.rs:1841:23
     |
1841 |                 match op {
     |                       ^^ pattern `&ast::CompareOp::Ne` not covered
     |
note: `ast::CompareOp` defined here
    --> src/ast.rs:172:10
     |
 172 | pub enum CompareOp {
     |          ^^^^^^^^^
...
 178 |     Ne,
     |     -- not covered
     = note: the matched value is of type `&ast::CompareOp`
help: ensure that all possible cases are being handled by adding a match arm with a wildcard pattern or an explicit pattern as shown
     |
1846 ~                     CompareOp::Eq => (accuracy - threshold).abs() < 1e-9,
1847 ~                     &ast::CompareOp::Ne => todo!(),
     |

warning: unused variable: `input`
  --> src/llm.rs:71:45
   |
71 |     fn call_with_model(&self, prompt: &str, input: &str, model: Option<&str>) -> Result<String, String> {
   |                                             ^^^^^ help: if this is intentional, prefix it with an underscore: `_input`
   |
   = note: `#[warn(unused_variables)]` (part of `#[warn(unused)]`) on by default

warning: unused variable: `direction`
   --> src/memory_store.rs:257:28
    |
257 |             let (neighbor, direction) = if from == current {
    |                            ^^^^^^^^^ help: if this is intentional, prefix it with an underscore: `_direction`

error[E0004]: non-exhaustive patterns: `ast::CompareOp::Ne` not covered
    --> src/vm.rs:1194:39
     |
1194 |             (Ok(lf), Ok(rf)) => match op {
     |                                       ^^ pattern `ast::CompareOp::Ne` not covered
     |
note: `ast::CompareOp` defined here
    --> src/ast.rs:172:10
     |
 172 | pub enum CompareOp {
     |          ^^^^^^^^^
...
 178 |     Ne,
     |     -- not covered
     = note: the matched value is of type `ast::CompareOp`
help: ensure that all possible cases are being handled by adding a match arm with a wildcard pattern or an explicit pattern as shown
     |
1199 ~                 AstCompareOp::Eq => lf == rf,
1200 ~                 ast::CompareOp::Ne => todo!(),
     |

error[E0433]: cannot find type `Rule` in this scope
    --> src/parser.rs:1321:17
     |
1321 |                 Rule::IDENT => Expr::Ident(inner.as_str().to_string()),
     |                 ^^^^ use of undeclared type `Rule`
     |
help: there is an enum variant `crate::parser::Declaration::Rule`; try using the variant's enum
     |
1321 -                 Rule::IDENT => Expr::Ident(inner.as_str().to_string()),
1321 +                 crate::parser::Declaration::IDENT => Expr::Ident(inner.as_str().to_string()),
     |

error[E0433]: cannot find type `Rule` in this scope
  --> src/parser.rs:32:17
   |
32 |                 Rule::mlogserver_decl => declarations.push(parse_mlogserver_decl(inner_pair)),
   |                 ^^^^ use of undeclared type `Rule`
   |
help: there is an enum variant `crate::parser::Declaration::Rule`; try using the variant's enum
   |
32 -                 Rule::mlogserver_decl => declarations.push(parse_mlogserver_decl(inner_pair)),
32 +                 crate::parser::Declaration::mlogserver_decl => declarations.push(parse_mlogserver_decl(inner_pair)),
   |

error[E0433]: cannot find type `Rule` in this scope
  --> src/parser.rs:33:17
   |
33 |                 Rule::template_decl => declarations.push(parse_template_decl_with_body(inner_pair, &template_bodies)),
   |                 ^^^^ use of undeclared type `Rule`
   |
help: there is an enum variant `crate::parser::Declaration::Rule`; try using the variant's enum
   |
33 -                 Rule::template_decl => declarations.push(parse_template_decl_with_body(inner_pair, &template_bodies)),
33 +                 crate::parser::Declaration::template_decl => declarations.push(parse_template_decl_with_body(inner_pair, &template_bodies)),
   |

error[E0433]: cannot find type `Rule` in this scope
  --> src/parser.rs:34:17
   |
34 |                 Rule::db_decl => declarations.push(parse_db_decl(inner_pair)),
   |                 ^^^^ use of undeclared type `Rule`
   |
help: there is an enum variant `crate::parser::Declaration::Rule`; try using the variant's enum
   |
34 -                 Rule::db_decl => declarations.push(parse_db_decl(inner_pair)),
34 +                 crate::parser::Declaration::db_decl => declarations.push(parse_db_decl(inner_pair)),
   |

error[E0433]: cannot find type `Rule` in this scope
  --> src/parser.rs:35:17
   |
35 |                 Rule::memory_decl => declarations.push(parse_memory_decl(inner_pair)),
   |                 ^^^^ use of undeclared type `Rule`
   |
help: there is an enum variant `crate::parser::Declaration::Rule`; try using the variant's enum
   |
35 -                 Rule::memory_decl => declarations.push(parse_memory_decl(inner_pair)),
35 +                 crate::parser::Declaration::memory_decl => declarations.push(parse_memory_decl(inner_pair)),
   |

error[E0433]: cannot find type `Rule` in this scope
  --> src/parser.rs:36:17
   |
36 |                 Rule::import_decl => declarations.push(parse_import_decl(inner_pair)),
   |                 ^^^^ use of undeclared type `Rule`
   |
help: there is an enum variant `crate::parser::Declaration::Rule`; try using the variant's enum
   |
36 -                 Rule::import_decl => declarations.push(parse_import_decl(inner_pair)),
36 +                 crate::parser::Declaration::import_decl => declarations.push(parse_import_decl(inner_pair)),
   |

error[E0433]: cannot find type `Rule` in this scope
  --> src/parser.rs:37:17
   |
37 |                 Rule::entity_type_decl => declarations.push(parse_entity_type_decl(inner_pair)),
   |                 ^^^^ use of undeclared type `Rule`
   |
help: there is an enum variant `crate::parser::Declaration::Rule`; try using the variant's enum
   |
37 -                 Rule::entity_type_decl => declarations.push(parse_entity_type_decl(inner_pair)),
37 +                 crate::parser::Declaration::entity_type_decl => declarations.push(parse_entity_type_decl(inner_pair)),
   |

error[E0433]: cannot find type `Rule` in this scope
  --> src/parser.rs:38:17
   |
38 |                 Rule::entity_record_decl => declarations.push(parse_entity_record_decl(inner_pair)),
   |                 ^^^^ use of undeclared type `Rule`
   |
help: there is an enum variant `crate::parser::Declaration::Rule`; try using the variant's enum
   |
38 -                 Rule::entity_record_decl => declarations.push(parse_entity_record_decl(inner_pair)),
38 +                 crate::parser::Declaration::entity_record_decl => declarations.push(parse_entity_record_decl(inner_pair)),
   |

error[E0433]: cannot find type `Rule` in this scope
  --> src/parser.rs:39:17
   |
39 |                 Rule::entity_simple_decl => declarations.push(parse_entity_simple_decl(inner_pair)),
   |                 ^^^^ use of undeclared type `Rule`
   |
help: there is an enum variant `crate::parser::Declaration::Rule`; try using the variant's enum
   |
39 -                 Rule::entity_simple_decl => declarations.push(parse_entity_simple_decl(inner_pair)),
39 +                 crate::parser::Declaration::entity_simple_decl => declarations.push(parse_entity_simple_decl(inner_pair)),
   |

error[E0433]: cannot find type `Rule` in this scope
  --> src/parser.rs:40:17
   |
40 |                 Rule::rule_decl => declarations.push(parse_rule_decl(inner_pair)),
   |                 ^^^^ use of undeclared type `Rule`
   |
help: there is an enum variant `crate::parser::Declaration::Rule`; try using the variant's enum
   |
40 -                 Rule::rule_decl => declarations.push(parse_rule_decl(inner_pair)),
40 +                 crate::parser::Declaration::rule_decl => declarations.push(parse_rule_decl(inner_pair)),
   |

error[E0433]: cannot find type `Rule` in this scope
  --> src/parser.rs:41:17
   |
41 |                 Rule::memorize_decl => declarations.push(parse_memorize_decl(inner_pair)),
   |                 ^^^^ use of undeclared type `Rule`
   |
help: there is an enum variant `crate::parser::Declaration::Rule`; try using the variant's enum
   |
41 -                 Rule::memorize_decl => declarations.push(parse_memorize_decl(inner_pair)),
41 +                 crate::parser::Declaration::memorize_decl => declarations.push(parse_memorize_decl(inner_pair)),
   |

error[E0433]: cannot find type `Rule` in this scope
  --> src/parser.rs:42:17
   |
42 |                 Rule::forget_decl => declarations.push(parse_forget_decl(inner_pair)),
   |                 ^^^^ use of undeclared type `Rule`
   |
help: there is an enum variant `crate::parser::Declaration::Rule`; try using the variant's enum
   |
42 -                 Rule::forget_decl => declarations.push(parse_forget_decl(inner_pair)),
42 +                 crate::parser::Declaration::forget_decl => declarations.push(parse_forget_decl(inner_pair)),
   |

error[E0433]: cannot find type `Rule` in this scope
  --> src/parser.rs:43:17
   |
43 | ...   Rule::if_block_stmt => declarations.push(Declaration::Pattern(PatternDecl { name: "_top_level_if".to_string(), params: vec![],...
   |       ^^^^ use of undeclared type `Rule`
   |
help: there is an enum variant `crate::parser::Declaration::Rule`; try using the variant's enum
   |
43 -                 Rule::if_block_stmt => declarations.push(Declaration::Pattern(PatternDecl { name: "_top_level_if".to_string(), params: vec![], return_type: "Unit".to_string(), body: vec![parse_if_block_stmt(inner_pair)] })),
43 +                 crate::parser::Declaration::if_block_stmt => declarations.push(Declaration::Pattern(PatternDecl { name: "_top_level_if".to_string(), params: vec![], return_type: "Unit".to_string(), body: vec![parse_if_block_stmt(inner_pair)] })),
   |

error[E0433]: cannot find type `Rule` in this scope
  --> src/parser.rs:44:17
   |
44 |                 Rule::fluid_decl => declarations.push(parse_fluid_decl(inner_pair)),
   |                 ^^^^ use of undeclared type `Rule`
   |
help: there is an enum variant `crate::parser::Declaration::Rule`; try using the variant's enum
   |
44 -                 Rule::fluid_decl => declarations.push(parse_fluid_decl(inner_pair)),
44 +                 crate::parser::Declaration::fluid_decl => declarations.push(parse_fluid_decl(inner_pair)),
   |

error[E0433]: cannot find type `Rule` in this scope
  --> src/parser.rs:45:17
   |
45 |                 Rule::adapt_decl => declarations.push(parse_adapt_decl(inner_pair)),
   |                 ^^^^ use of undeclared type `Rule`
   |
help: there is an enum variant `crate::parser::Declaration::Rule`; try using the variant's enum
   |
45 -                 Rule::adapt_decl => declarations.push(parse_adapt_decl(inner_pair)),
45 +                 crate::parser::Declaration::adapt_decl => declarations.push(parse_adapt_decl(inner_pair)),
   |

error[E0433]: cannot find type `Rule` in this scope
  --> src/parser.rs:46:17
   |
46 |                 Rule::relate_decl => declarations.push(parse_relate_decl(inner_pair)),
   |                 ^^^^ use of undeclared type `Rule`
   |
help: there is an enum variant `crate::parser::Declaration::Rule`; try using the variant's enum
   |
46 -                 Rule::relate_decl => declarations.push(parse_relate_decl(inner_pair)),
46 +                 crate::parser::Declaration::relate_decl => declarations.push(parse_relate_decl(inner_pair)),
   |

error[E0433]: cannot find type `Rule` in this scope
  --> src/parser.rs:47:17
   |
47 |                 Rule::sandbox_decl => declarations.push(parse_sandbox_decl(inner_pair)),
   |                 ^^^^ use of undeclared type `Rule`
   |
help: there is an enum variant `crate::parser::Declaration::Rule`; try using the variant's enum
   |
47 -                 Rule::sandbox_decl => declarations.push(parse_sandbox_decl(inner_pair)),
47 +                 crate::parser::Declaration::sandbox_decl => declarations.push(parse_sandbox_decl(inner_pair)),
   |

error[E0433]: cannot find type `Rule` in this scope
  --> src/parser.rs:48:17
   |
48 |                 Rule::hook_decl => declarations.push(parse_hook_decl(inner_pair)),
   |                 ^^^^ use of undeclared type `Rule`
   |
help: there is an enum variant `crate::parser::Declaration::Rule`; try using the variant's enum
   |
48 -                 Rule::hook_decl => declarations.push(parse_hook_decl(inner_pair)),
48 +                 crate::parser::Declaration::hook_decl => declarations.push(parse_hook_decl(inner_pair)),
   |

error[E0433]: cannot find type `Rule` in this scope
  --> src/parser.rs:49:17
   |
49 |                 Rule::mutate_decl => declarations.push(parse_mutate_decl(inner_pair)),
   |                 ^^^^ use of undeclared type `Rule`
   |
help: there is an enum variant `crate::parser::Declaration::Rule`; try using the variant's enum
   |
49 -                 Rule::mutate_decl => declarations.push(parse_mutate_decl(inner_pair)),
49 +                 crate::parser::Declaration::mutate_decl => declarations.push(parse_mutate_decl(inner_pair)),
   |

error[E0433]: cannot find type `Rule` in this scope
  --> src/parser.rs:50:17
   |
50 |                 Rule::eval_decl => declarations.push(parse_eval_decl(inner_pair)),
   |                 ^^^^ use of undeclared type `Rule`
   |
help: there is an enum variant `crate::parser::Declaration::Rule`; try using the variant's enum
   |
50 -                 Rule::eval_decl => declarations.push(parse_eval_decl(inner_pair)),
50 +                 crate::parser::Declaration::eval_decl => declarations.push(parse_eval_decl(inner_pair)),
   |

error[E0433]: cannot find type `Rule` in this scope
  --> src/parser.rs:51:17
   |
51 |                 Rule::learnable_pattern_decl => declarations.push(parse_learnable_pattern_decl(inner_pair)),
   |                 ^^^^ use of undeclared type `Rule`
   |
help: there is an enum variant `crate::parser::Declaration::Rule`; try using the variant's enum
   |
51 -                 Rule::learnable_pattern_decl => declarations.push(parse_learnable_pattern_decl(inner_pair)),
51 +                 crate::parser::Declaration::learnable_pattern_decl => declarations.push(parse_learnable_pattern_decl(inner_pair)),
   |

error[E0433]: cannot find type `Rule` in this scope
  --> src/parser.rs:52:17
   |
52 |                 Rule::pattern_decl => declarations.push(parse_pattern_decl(inner_pair)),
   |                 ^^^^ use of undeclared type `Rule`
   |
help: there is an enum variant `crate::parser::Declaration::Rule`; try using the variant's enum
   |
52 -                 Rule::pattern_decl => declarations.push(parse_pattern_decl(inner_pair)),
52 +                 crate::parser::Declaration::pattern_decl => declarations.push(parse_pattern_decl(inner_pair)),
   |

error[E0433]: cannot find type `Rule` in this scope
  --> src/parser.rs:53:17
   |
53 |                 Rule::flow_decl => declarations.push(parse_flow_decl(inner_pair)),
   |                 ^^^^ use of undeclared type `Rule`
   |
help: there is an enum variant `crate::parser::Declaration::Rule`; try using the variant's enum
   |
53 -                 Rule::flow_decl => declarations.push(parse_flow_decl(inner_pair)),
53 +                 crate::parser::Declaration::flow_decl => declarations.push(parse_flow_decl(inner_pair)),
   |

error[E0433]: cannot find type `Rule` in this scope
    --> src/parser.rs:1318:17
     |
1318 |                 Rule::INT => {
     |                 ^^^^ use of undeclared type `Rule`
     |
help: there is an enum variant `crate::parser::Declaration::Rule`; try using the variant's enum
     |
1318 -                 Rule::INT => {
1318 +                 crate::parser::Declaration::INT => {
     |

error[E0433]: cannot find type `Rule` in this scope
    --> src/parser.rs:1315:17
     |
1315 |                 Rule::FLOAT_LITERAL => {
     |                 ^^^^ use of undeclared type `Rule`
     |
help: there is an enum variant `crate::parser::Declaration::Rule`; try using the variant's enum
     |
1315 -                 Rule::FLOAT_LITERAL => {
1315 +                 crate::parser::Declaration::FLOAT_LITERAL => {
     |

error[E0433]: cannot find type `Rule` in this scope
    --> src/parser.rs:1312:17
     |
1312 |                 Rule::STRING_LITERAL => {
     |                 ^^^^ use of undeclared type `Rule`
     |
help: there is an enum variant `crate::parser::Declaration::Rule`; try using the variant's enum
     |
1312 -                 Rule::STRING_LITERAL => {
1312 +                 crate::parser::Declaration::STRING_LITERAL => {
     |

error[E0433]: cannot find type `Rule` in this scope
    --> src/parser.rs:1309:17
     |
1309 |                 Rule::BOOL_LITERAL => {
     |                 ^^^^ use of undeclared type `Rule`
     |
help: there is an enum variant `crate::parser::Declaration::Rule`; try using the variant's enum
     |
1309 -                 Rule::BOOL_LITERAL => {
1309 +                 crate::parser::Declaration::BOOL_LITERAL => {
     |

error[E0433]: cannot find type `Rule` in this scope
    --> src/parser.rs:1301:29
     |
1301 | ...                   Rule::expression => {
     |                       ^^^^ use of undeclared type `Rule`
     |
help: there is an enum variant `crate::parser::Declaration::Rule`; try using the variant's enum
     |
1301 -                             Rule::expression => {
1301 +                             crate::parser::Declaration::expression => {
     |

error[E0433]: cannot find type `Rule` in this scope
    --> src/parser.rs:1164:9
     |
1164 |         Rule::binary_expr => {
     |         ^^^^ use of undeclared type `Rule`
     |
help: there is an enum variant `crate::parser::Declaration::Rule`; try using the variant's enum
     |
1164 -         Rule::binary_expr => {
1164 +         crate::parser::Declaration::binary_expr => {
     |

error[E0433]: cannot find type `Rule` in this scope
    --> src/parser.rs:1293:29
     |
1293 | ...                   Rule::expression_list => {
     |                       ^^^^ use of undeclared type `Rule`
     |
help: there is an enum variant `crate::parser::Declaration::Rule`; try using the variant's enum
     |
1293 -                             Rule::expression_list => {
1293 +                             crate::parser::Declaration::expression_list => {
     |

error[E0433]: cannot find type `Rule` in this scope
    --> src/parser.rs:1289:17
     |
1289 |                 Rule::list_literal => {
     |                 ^^^^ use of undeclared type `Rule`
     |
help: there is an enum variant `crate::parser::Declaration::Rule`; try using the variant's enum
     |
1289 -                 Rule::list_literal => {
1289 +                 crate::parser::Declaration::list_literal => {
     |

error[E0433]: cannot find type `Rule` in this scope
    --> src/parser.rs:1286:9
     |
1286 |         Rule::primary_expr => {
     |         ^^^^ use of undeclared type `Rule`
     |
help: there is an enum variant `crate::parser::Declaration::Rule`; try using the variant's enum
     |
1286 -         Rule::primary_expr => {
1286 +         crate::parser::Declaration::primary_expr => {
     |

error[E0433]: cannot find type `Rule` in this scope
    --> src/parser.rs:1272:9
     |
1272 |         Rule::unary_minus => {
     |         ^^^^ use of undeclared type `Rule`
     |
help: there is an enum variant `crate::parser::Declaration::Rule`; try using the variant's enum
     |
1272 -         Rule::unary_minus => {
1272 +         crate::parser::Declaration::unary_minus => {
     |

error[E0433]: cannot find type `Rule` in this scope
    --> src/parser.rs:1266:21
     |
1266 |                     Rule::expression => args.push(parse_expression(child.clone())),
     |                     ^^^^ use of undeclared type `Rule`
     |
help: there is an enum variant `crate::parser::Declaration::Rule`; try using the variant's enum
     |
1266 -                     Rule::expression => args.push(parse_expression(child.clone())),
1266 +                     crate::parser::Declaration::expression => args.push(parse_expression(child.clone())),
     |

error[E0433]: cannot find type `Rule` in this scope
    --> src/parser.rs:1160:9
     |
1160 |         Rule::expression => {
     |         ^^^^ use of undeclared type `Rule`
     |
help: there is an enum variant `crate::parser::Declaration::Rule`; try using the variant's enum
     |
1160 -         Rule::expression => {
1160 +         crate::parser::Declaration::expression => {
     |

error[E0433]: cannot find type `Rule` in this scope
    --> src/parser.rs:1259:21
     |
1259 |                     Rule::expression_list => {
     |                     ^^^^ use of undeclared type `Rule`
     |
help: there is an enum variant `crate::parser::Declaration::Rule`; try using the variant's enum
     |
1259 -                     Rule::expression_list => {
1259 +                     crate::parser::Declaration::expression_list => {
     |

error[E0433]: cannot find type `Rule` in this scope
    --> src/parser.rs:1248:9
     |
1248 |         Rule::call_expr => {
     |         ^^^^ use of undeclared type `Rule`
     |
help: there is an enum variant `crate::parser::Declaration::Rule`; try using the variant's enum
     |
1248 -         Rule::call_expr => {
1248 +         crate::parser::Declaration::call_expr => {
     |

error[E0433]: cannot find type `Rule` in this scope
   --> src/parser.rs:383:9
    |
383 |         Rule::FLOAT_LITERAL => Expr::FloatLit(inner.as_str().parse().unwrap_or(0.0)),
    |         ^^^^ use of undeclared type `Rule`
    |
help: there is an enum variant `crate::parser::Declaration::Rule`; try using the variant's enum
    |
383 -         Rule::FLOAT_LITERAL => Expr::FloatLit(inner.as_str().parse().unwrap_or(0.0)),
383 +         crate::parser::Declaration::FLOAT_LITERAL => Expr::FloatLit(inner.as_str().parse().unwrap_or(0.0)),
    |

error[E0433]: cannot find type `Rule` in this scope
   --> src/parser.rs:384:9
    |
384 |         Rule::IDENT => Expr::Ident(inner.as_str().to_string()),
    |         ^^^^ use of undeclared type `Rule`
    |
help: there is an enum variant `crate::parser::Declaration::Rule`; try using the variant's enum
    |
384 -         Rule::IDENT => Expr::Ident(inner.as_str().to_string()),
384 +         crate::parser::Declaration::IDENT => Expr::Ident(inner.as_str().to_string()),
    |

error[E0433]: cannot find type `Rule` in this scope
   --> src/parser.rs:455:9
    |
455 |         Rule::compare_condition => {
    |         ^^^^ use of undeclared type `Rule`
    |
help: there is an enum variant `crate::parser::Declaration::Rule`; try using the variant's enum
    |
455 -         Rule::compare_condition => {
455 +         crate::parser::Declaration::compare_condition => {
    |

error[E0433]: cannot find type `Rule` in this scope
    --> src/parser.rs:1227:9
     |
1227 |         Rule::qualified_call_expr => {
     |         ^^^^ use of undeclared type `Rule`
     |
help: there is an enum variant `crate::parser::Declaration::Rule`; try using the variant's enum
     |
1227 -         Rule::qualified_call_expr => {
1227 +         crate::parser::Declaration::qualified_call_expr => {
     |

error[E0433]: cannot find type `Rule` in this scope
    --> src/parser.rs:1220:9
     |
1220 |         Rule::field_expr => {
     |         ^^^^ use of undeclared type `Rule`
     |
help: there is an enum variant `crate::parser::Declaration::Rule`; try using the variant's enum
     |
1220 -         Rule::field_expr => {
1220 +         crate::parser::Declaration::field_expr => {
     |

error[E0433]: cannot find type `Rule` in this scope
    --> src/parser.rs:1021:13
     |
1021 |             Rule::else_if_block => {
     |             ^^^^ use of undeclared type `Rule`
     |
help: there is an enum variant `crate::parser::Declaration::Rule`; try using the variant's enum
     |
1021 -             Rule::else_if_block => {
1021 +             crate::parser::Declaration::else_if_block => {
     |

error[E0433]: cannot find type `Rule` in this scope
    --> src/parser.rs:1006:13
     |
1006 |             Rule::statement => {
     |             ^^^^ use of undeclared type `Rule`
     |
help: there is an enum variant `crate::parser::Declaration::Rule`; try using the variant's enum
     |
1006 -             Rule::statement => {
1006 +             crate::parser::Declaration::statement => {
     |

error[E0433]: cannot find type `Rule` in this scope
    --> src/parser.rs:1199:9
     |
1199 |         Rule::access_expr => {
     |         ^^^^ use of undeclared type `Rule`
     |
help: there is an enum variant `crate::parser::Declaration::Rule`; try using the variant's enum
     |
1199 -         Rule::access_expr => {
1199 +         crate::parser::Declaration::access_expr => {
     |

error[E0433]: cannot find type `Rule` in this scope
   --> src/parser.rs:448:9
    |
448 |         Rule::contains_condition => {
    |         ^^^^ use of undeclared type `Rule`
    |
help: there is an enum variant `crate::parser::Declaration::Rule`; try using the variant's enum
    |
448 -         Rule::contains_condition => {
448 +         crate::parser::Declaration::contains_condition => {
    |

error[E0433]: cannot find type `Rule` in this scope
    --> src/parser.rs:1186:9
     |
1186 |         Rule::if_else_expr => {
     |         ^^^^ use of undeclared type `Rule`
     |
help: there is an enum variant `crate::parser::Declaration::Rule`; try using the variant's enum
     |
1186 -         Rule::if_else_expr => {
1186 +         crate::parser::Declaration::if_else_expr => {
     |

error[E0433]: cannot find type `Rule` in this scope
    --> src/parser.rs:1183:9
     |
1183 |         Rule::unary_expr => {
     |         ^^^^ use of undeclared type `Rule`
     |
help: there is an enum variant `crate::parser::Declaration::Rule`; try using the variant's enum
     |
1183 -         Rule::unary_expr => {
1183 +         crate::parser::Declaration::unary_expr => {
     |

error[E0433]: cannot find type `Rule` in this scope
   --> src/parser.rs:382:9
    |
382 |         Rule::STRING_LITERAL => Expr::StringLit(unescape_string(inner.as_str())),
    |         ^^^^ use of undeclared type `Rule`
    |
help: there is an enum variant `crate::parser::Declaration::Rule`; try using the variant's enum
    |
382 -         Rule::STRING_LITERAL => Expr::StringLit(unescape_string(inner.as_str())),
382 +         crate::parser::Declaration::STRING_LITERAL => Expr::StringLit(unescape_string(inner.as_str())),
    |

Some errors have detailed explanations: E0004, E0277, E0308, E0382, E0425, E0432, E0433, E0502, E0505...
For more information about an error, try `rustc --explain E0004`.
warning: `metalogos` (lib) generated 6 warnings
error: could not compile `metalogos` (lib) due to 280 previous errors; 6 warnings emitted
