warning: unused variable: `direction`
   --> src/memory_store.rs:255:28
    |
255 |             let (neighbor, direction) = if from == current {
    |                            ^^^^^^^^^ help: if this is intentional, prefix it with an underscore: `_direction`
    |
    = note: `#[warn(unused_variables)]` (part of `#[warn(unused)]`) on by default

warning: unused variable: `signed`
   --> src/server.rs:781:13
    |
781 |         let signed = sign_cookie(value, &key);
    |             ^^^^^^ help: if this is intentional, prefix it with an underscore: `_signed`

warning: field `db_store` is never read
   --> src/interpreter.rs:271:5
    |
237 | pub struct Interpreter {
    |            ----------- field in this struct
...
271 |     db_store: Vec<HashMap<String, Value>>,
    |     ^^^^^^^^
    |
    = note: `#[warn(dead_code)]` (part of `#[warn(unused)]`) on by default

warning: associated function `is_nonprintable_type` is never used
    --> src/interpreter.rs:1345:8
     |
 280 | impl Interpreter {
     | ---------------- associated function in this implementation
...
1345 |     fn is_nonprintable_type(v: &Value) -> bool {
     |        ^^^^^^^^^^^^^^^^^^^^

warning: `metalogos` (lib test) generated 4 warnings (run `cargo fix --lib -p metalogos --tests` to apply 2 suggestions)
    Finished `test` profile [unoptimized + debuginfo] target(s) in 0.24s
     Running unittests src/lib.rs (target/debug/deps/metalogos-d2db99714f22a4b3)
