KEYWORD: entity
IDENT: greeting
OPERATOR: :
IDENT: String
OPERATOR: =
STRING: "Hello, Metalogos!"
KEYWORD: pattern
IDENT: Shout
OPERATOR: (
KEYWORD: s
OPERATOR: :
IDENT: String
OPERATOR: )
OPERATOR: ->
IDENT: String
OPERATOR: {
KEYWORD: return
IDENT: upper
OPERATOR: (
KEYWORD: s
OPERATOR: )
OPERATOR: +
STRING: "!"
OPERATOR: }
KEYWORD: flow
IDENT: Main
OPERATOR: {
KEYWORD: input
OPERATOR: :
IDENT: String
OPERATOR: =
IDENT: greeting
OPERATOR: ->
IDENT: Shout
OPERATOR: ->
KEYWORD: output
OPERATOR: }
